( Keyword:Fun ( ) Number:1 )
( Keyword:Fun ( ) String:12 )
( Keyword:Fun ( Symbol:a Symbol:b ) Number:2 )
( Keyword:Fun ( Symbol:cc Symbol:dddd ) Number:1 )
( Keyword:Fun ( Symbol:a Symbol:b ) ( Keyword:If Number:1 Number:2 Number:3 ) )
( Keyword:Fun ( Symbol:a Symbol:b ) ( Keyword:Let Symbol:c ( Keyword:If Number:1 Number:2 Number:3 ) ) )
( ( Keyword:Fun ( Symbol:a ) Symbol:a ) Number:1 )
( Keyword:Fun ( ) Symbol:nil )
( Keyword:Fun ( Symbol:a ) Symbol:nil )
