( Keyword:Import ( Symbol:a ) ( ) )
( Keyword:Import ( Symbol:a Symbol:b ) ( ) )
( Keyword:Import ( Symbol:foo Symbol:bar Symbol:egg ) ( ) )
( Keyword:Import ( Symbol:foo ) Symbol:* )
( Keyword:Import ( Symbol:foo Symbol:bar ) Symbol:* )
( Keyword:Import ( Symbol:foo Symbol:bar Symbol:egg ) Symbol:* )
( Keyword:Import ( Symbol:foo ) ( Symbol:a ) )
( Keyword:Import ( Symbol:foo Symbol:bar ) ( Symbol:a Symbol:b ) )

0) a (basic)
1) b (basic)
2) egg (basic)
3) foo (glob)
4) bar (glob)
5) egg (glob)
6) foo ( a )
7) bar ( a b )
