global
	LOAD_CONST 0
	STORE 0
	LOAD_CONST 1
	STORE 2
	LOAD_CONST 2
	STORE 3
	PUSH_RETURN_ADDRESS L3
	LOAD_CONST 3
	CALL_BUILTIN_WITHOUT_RETURN_ADDRESS 34, 1
.L4:
	CALL_BUILTIN 9, 1
.L3:
	POP 0
	PUSH_RETURN_ADDRESS L5
	LOAD_CONST 4
	CALL_BUILTIN_WITHOUT_RETURN_ADDRESS 35, 1
.L6:
	CALL_BUILTIN 9, 1
.L5:
	POP 0
	PUSH_RETURN_ADDRESS L7
	LOAD_CONST 5
	LOAD_CONST 6
	LOAD_CONST 7
	LOAD_CONST 8
	LOAD_CONST 9
	LOAD_CONST 10
	LOAD_CONST 11
	LOAD_CONST 12
	LOAD_CONST 13
	LOAD_CONST 14
	LIST 10
	LOAD_CONST 6
	LOAD_CONST 9
	CALL_BUILTIN_WITHOUT_RETURN_ADDRESS 4, 3
.L8:
	CALL_BUILTIN 9, 1
.L7:
	POP 0
	HALT 0

page_1 (ord (1 argument) simple function, scoped)
	STORE 1
	PUSH_RETURN_ADDRESS L0
	LOAD_FAST_BY_INDEX 0
	CALL_BUILTIN 34, 1
.L0:
	RET 0
	HALT 0

page_2 (chr (1 argument) simple function, scoped)
	STORE 1
	PUSH_RETURN_ADDRESS L1
	LOAD_FAST_BY_INDEX 0
	CALL_BUILTIN 35, 1
.L1:
	RET 0
	HALT 0

page_3 (findAfter (3 arguments) simple function, scoped)
	STORE 4
	STORE 5
	STORE 6
	PUSH_RETURN_ADDRESS L2
	LOAD_FAST_BY_INDEX 0
	LOAD_FAST_BY_INDEX 1
	LOAD_FAST_BY_INDEX 2
	CALL_BUILTIN 4, 3
.L2:
	RET 0
	HALT 0
