global
	LOAD_CONST 0
	STORE 0
	LOAD_CONST 3
	STORE 2
	LOAD_CONST 4
	STORE 5
	PUSH_RETURN_ADDRESS L6
	PUSH_RETURN_ADDRESS L7
	LOAD_CONST 5
	LOAD_CONST 6
	CALL_SYMBOL_BY_INDEX 0, 2
.L7:
	CALL_BUILTIN 9, 1
.L6:
	POP 0
	PUSH_RETURN_ADDRESS L8
	PUSH_RETURN_ADDRESS L9
	LOAD_CONST 7
	LOAD_CONST 8
	CALL_SYMBOL_BY_INDEX 0, 2
.L9:
	CALL_BUILTIN 9, 1
.L8:
	POP 0
	HALT 0

page_1 (abs (1 argument) simple function, 14 instructions)
	STORE 1
	LOAD_FAST_BY_INDEX 0
	LOAD_CONST 1
	LT 0
	POP_JUMP_IF_TRUE L0
	LOAD_FAST_BY_INDEX 0
	JUMP L1
.L0:
	LOAD_CONST 2
	LOAD_FAST_BY_INDEX 0
	MUL 0
.L1:
	RET 0
	HALT 0

page_2 (gcd (2 arguments) recursive simple function, 17 instructions)
	STORE 3
	STORE 4
	LOAD_CONST 1
	LOAD_FAST_BY_INDEX 1
	EQ 0
	POP_JUMP_IF_TRUE L2
	LOAD_SYMBOL 3
	LOAD_FAST_BY_INDEX 0
	LOAD_FAST_BY_INDEX 1
	MOD 0
	TAIL_CALL_SELF 0
	JUMP L3
.L2:
	LOAD_FAST_BY_INDEX 0
.L3:
	RET 0
	HALT 0

page_3 (lcm (2 arguments) function, 28 instructions)
	STORE 3
	STORE 4
	LOAD_FAST_BY_INDEX 0
	CREATE_SCOPE 0
	STORE 1
	LOAD_FAST 1
	LOAD_CONST 1
	LT 0
	POP_JUMP_IF_TRUE L11
	LOAD_FAST 1
	JUMP L12
.L11:
	LOAD_CONST 2
	LOAD_FAST 1
	MUL 0
.L12:
	POP_SCOPE 1
.L4:
	LOAD_FAST_BY_INDEX 1
	PUSH_RETURN_ADDRESS L5
	LOAD_FAST_BY_INDEX 0
	LOAD_FAST_BY_INDEX 1
	CALL_SYMBOL 2, 2
.L5:
	DIV 0
	MUL 0
	RET 0
	HALT 0
