global
	LOAD_CONST 0
	STORE 0
	LOAD_CONST 2
	STORE 2
	LOAD_CONST 3
	STORE 6
	PUSH_RETURN_ADDRESS L7
	PUSH_RETURN_ADDRESS L8
	LOAD_CONST 10
	CALL_SYMBOL_BY_INDEX 0, 1
.L8:
	CALL_BUILTIN 9, 1
.L7:
	POP 0
	HALT 0

page_1 (ord (1 argument) simple function, 4 instructions)
	STORE 1
	LOAD_CONST 1
	RET 0
	HALT 0

page_2 (in_range (3 arguments) simple function, 13 instructions)
	STORE 3
	STORE 4
	STORE 5
	LOAD_FAST_BY_INDEX 0
	LOAD_FAST_BY_INDEX 1
	GE 0
	SHORTCIRCUIT_AND L0
	LOAD_FAST_BY_INDEX 0
	LOAD_FAST_BY_INDEX 2
	LE 0
.L0:
	RET 0
	HALT 0

page_3 (toLower (1 argument) function, 60 instructions)
	STORE 7
	LOAD_CONST 4
	STORE 8
	LOAD_CONST 5
	STORE 9
	LOAD_CONST 5
	STORE 10
	CREATE_SCOPE 0
.L1:
	LOAD_FAST 8
	LOAD_FAST 7
	LEN 0
	LT 0
	POP_JUMP_IF_FALSE L2
	LOAD_FAST 7
	LOAD_FAST 8
	AT 0
	SET_VAL 9
	LOAD_FAST 9
	CREATE_SCOPE 0
	STORE 1
	LOAD_CONST 1
	POP_SCOPE 1
.L4:
	LOAD_CONST 6
	LOAD_CONST 7
	CREATE_SCOPE 0
	STORE 3
	STORE 4
	STORE 5
	LOAD_FAST 5
	LOAD_FAST 4
	GE 0
	SHORTCIRCUIT_AND L10
	LOAD_FAST 5
	LOAD_FAST 3
	LE 0
.L10:
	POP_SCOPE 1
.L3:
	POP_JUMP_IF_TRUE L5
	JUMP L6
.L5:
	LOAD_CONST 8
	SET_VAL 9
.L6:
	LOAD_FAST 10
	LOAD_FAST 9
	ADD 0
	SET_VAL 10
	LOAD_FAST 8
	LOAD_CONST 9
	ADD 0
	SET_VAL 8
	RESET_SCOPE_JUMP L1
.L2:
	POP_SCOPE 0
	LOAD_FAST_BY_INDEX 0
	RET 0
	HALT 0
