ark: i=0
ark: i=1
ark: i=2
ark: i=3
ark: i=4
ark: i=5

In file tests/unittests/resources/DebuggerSuite/loop.ark:3
    1 | (mut i 0)
    2 | (while (< i 10) {
    3 |   (breakpoint (> i 5))
      |   ^~~~~~~~~~~~~~~~~~~
    4 |   (prn (format "ark: i={}" i))
    5 |   (set i (+ 1 i)) })

dbg[pp:0,ip:8]:000> (prn i)
6
nil
dbg[pp:0,ip:8]:001> c
dbg: continue
ark: i=6

In file tests/unittests/resources/DebuggerSuite/loop.ark:3
    1 | (mut i 0)
    2 | (while (< i 10) {
    3 |   (breakpoint (> i 5))
      |   ^~~~~~~~~~~~~~~~~~~
    4 |   (prn (format "ark: i={}" i))
    5 |   (set i (+ 1 i)) })

dbg[pp:0,ip:8]:000> (prn i)
7
nil
dbg[pp:0,ip:8]:001> c
dbg: continue
ark: i=7

In file tests/unittests/resources/DebuggerSuite/loop.ark:3
    1 | (mut i 0)
    2 | (while (< i 10) {
    3 |   (breakpoint (> i 5))
      |   ^~~~~~~~~~~~~~~~~~~
    4 |   (prn (format "ark: i={}" i))
    5 |   (set i (+ 1 i)) })

dbg[pp:0,ip:8]:000> (prn i)
8
nil
dbg[pp:0,ip:8]:001> c
dbg: continue
ark: i=8

In file tests/unittests/resources/DebuggerSuite/loop.ark:3
    1 | (mut i 0)
    2 | (while (< i 10) {
    3 |   (breakpoint (> i 5))
      |   ^~~~~~~~~~~~~~~~~~~
    4 |   (prn (format "ark: i={}" i))
    5 |   (set i (+ 1 i)) })

dbg[pp:0,ip:8]:000> (prn i)
9
nil
dbg[pp:0,ip:8]:001> c
dbg: continue
ark: i=9
ark: end
