In file tests/unittests/resources/DebuggerSuite/parsing.ark:3
    1 | (let a 5)
    2 | (let b 6)
    3 | (breakpoint)
      | ^~~~~~~~~~~
    4 |

dbg[pp:0,ip:3]:000> trace
BREAKPOINT
LOAD_CONST_STORE 6 (Number), b
LOAD_CONST_STORE 5 (Number), a
dbg[pp:0,ip:3]:000> trace 0
dbg[pp:0,ip:3]:000> trace 1 2
Too many arguments provided to trace, expected 1, got 2
dbg[pp:0,ip:3]:000> trace a
Couldn't parse argument as an unsigned integer
dbg[pp:0,ip:3]:000> trace -1
Couldn't parse argument as an unsigned integer
dbg[pp:0,ip:3]:000> c
dbg: continue
