In file tests/unittests/resources/DebuggerSuite/stack_and_locals.ark:8
    5 |     (f "correct" "wrong")
    6 |     x) }))
    7 |
    8 | (breakpoint)
      | ^~~~~~~~~~~
    9 | (prn (f 1 2))
   10 |

dbg[pp:0,ip:2]:000> stack
Stack is empty

dbg[pp:0,ip:2]:000> locals
scope size: 2
index |  id |      name      |    type   | value
    1 |   0 | f              |  Function | Function@1
    0 |   4 | prn            |     CProc | CProcedure

dbg[pp:0,ip:2]:000> c
dbg: continue

In file tests/unittests/resources/DebuggerSuite/stack_and_locals.ark:3
    1 | (let f (fun (a b) {
    2 |   (let x a)
    3 |   (breakpoint)
      |   ^~~~~~~~~~~
    4 |   (if (= 1 a)
    5 |     (f "correct" "wrong")

dbg[pp:1,ip:4]:000> stack
3 -> Instruction@28
2 -> Function@0
1 -> Instruction@32
0 -> Function@0

dbg[pp:1,ip:4]:000> locals 1
scope size: 3
index |  id |      name      |    type   | value
    2 |   3 | x              |    Number | 1

dbg[pp:1,ip:4]:000> locals 2
scope size: 3
index |  id |      name      |    type   | value
    2 |   3 | x              |    Number | 1
    1 |   2 | b              |    Number | 2

dbg[pp:1,ip:4]:000> locals 3
scope size: 3
index |  id |      name      |    type   | value
    2 |   3 | x              |    Number | 1
    1 |   2 | b              |    Number | 2
    0 |   1 | a              |    Number | 1

dbg[pp:1,ip:4]:000> locals
scope size: 3
index |  id |      name      |    type   | value
    2 |   3 | x              |    Number | 1
    1 |   2 | b              |    Number | 2
    0 |   1 | a              |    Number | 1

dbg[pp:1,ip:4]:000> c
dbg: continue

In file tests/unittests/resources/DebuggerSuite/stack_and_locals.ark:3
    1 | (let f (fun (a b) {
    2 |   (let x a)
    3 |   (breakpoint)
      |   ^~~~~~~~~~~
    4 |   (if (= 1 a)
    5 |     (f "correct" "wrong")

dbg[pp:1,ip:4]:000> stack
3 -> Instruction@28
2 -> Function@0
1 -> Instruction@32
0 -> Function@0

dbg[pp:1,ip:4]:000> locals
scope size: 3
index |  id |      name      |    type   | value
    2 |   3 | x              |    String | "correct"
    1 |   2 | b              |    String | "wrong"
    0 |   1 | a              |    String | "correct"

dbg[pp:1,ip:4]:000> c
dbg: continue
correct
