Function append! expected at least 2 arguments and got 2
Call
  ↳ (append! 1 5)
Signature
  ↳ (append! list value)
Arguments
  → `list' (expected List), got 1 (Number)
  → variadic `value' (expected any)

In file tests/unittests/resources/DiagnosticsSuite/typeChecking/append_in_place_num_num.ark:2
    1 | (mut L 1)
    2 | (append! L 5)
      | ^~~~~~~~~~~~
    3 |