Function parseDate expected between 1 argument and 2 arguments
Call
  ↳ (parseDate 1)
Signature
  ↳ (parseDate date)
Arguments
  → `date' (expected String), got 1 (Number)

Alternative 2:
Signature
  ↳ (parseDate date format)
Arguments
  → `date' (expected String), got 1 (Number)
  → `format' (expected String) was not provided

In file tests/unittests/resources/DiagnosticsSuite/typeChecking/builtin_timeparsedate_num.ark:1
    1 | (builtin__time:parseDate 1)
      | ^~~~~~~~~~~~~~~~~~~~~~~~~~
    2 |
