Function tail expected 1 argument but got 2
Call
  ↳ (tail 1 2)
Signature
  ↳ (tail value)
Arguments
  → `value' (expected List), got 1 (Number)
  → unexpected additional args: 2 (Number)

Alternative 2:
Signature
  ↳ (tail value)
Arguments
  → `value' (expected String), got 1 (Number)
  → unexpected additional args: 2 (Number)

In file tests/unittests/resources/DiagnosticsSuite/typeChecking/builtin_tail_num_num.ark:1
    1 | (print (apply tail [1 2]))
      | ^~~~~~~~~~~~~~~~~~~~~~~~~
    2 |