Function asUTCDate expected 1 argument but got 2
Call
  ↳ (asUTCDate "1" true)
Signature
  ↳ (asUTCDate timestamp)
Arguments
  → `timestamp' (expected Number), got "1" (String)
  → unexpected additional args: true (Bool)

In file tests/unittests/resources/DiagnosticsSuite/typeChecking/builtin_timetodate.ark:1
    1 | (builtin__time:asUTCDate "1" true)
      | ^~~~~~~~~~~~~~~~~~~~~~~~~~~~~~~~~
    2 |
