Function @ expected 2 arguments
Call
  ↳ (@ 1 0)
Signature
  ↳ (@ src idx)
Arguments
  → `src' (expected List), got 1 (Number)
  → `idx' (expected Number) ✓

Alternative 2:
Signature
  ↳ (@ src idx)
Arguments
  → `src' (expected String), got 1 (Number)
  → `idx' (expected Number) ✓

In file tests/unittests/resources/DiagnosticsSuite/typeChecking/builtin_at_num_zero.ark:1
    1 | (print (apply @ [1 0]))
      | ^~~~~~~~~~~~~~~~~~~~~~
    2 |