Function timeToDate expected 2 arguments
Call
  ↳ (timeToDate "1" true)
Signature
  ↳ (timeToDate timestamp utc?)
Arguments
  → `timestamp' (expected Number), got "1" (String)
  → `utc?' (expected any) ✓

In file tests/unittests/resources/DiagnosticsSuite/typeChecking/builtin_timetodate.ark:1
    1 | (builtin__time:timeToDate "1" true)
      | ^~~~~~~~~~~~~~~~~~~~~~~~~~~~~~~~~~
    2 |
