Function concat! expected 2 arguments
Call
  ↳ (concat! 1 5)
Signature
  ↳ (concat! dst src)
Arguments
  → `dst' (expected List), got 1 (Number)
  → `src' (expected List), got 5 (Number)

In file tests/unittests/resources/DiagnosticsSuite/typeChecking/concat_in_place_num_num.ark:2
    1 | (mut L 1)
    2 | (concat! L 5)
      | ^~~~~~~~~~~~
    3 |