Function dict:add expected 3 arguments but got 1
Call
  ↳ (dict:add 1)
Signature
  ↳ (dict:add dictionary key value)
Arguments
  → `dictionary' (expected Dict), got 1 (Number)
  → `key' (expected any) was not provided
  → `value' (expected any) was not provided

In file tests/unittests/resources/DiagnosticsSuite/typeChecking/dict_add_num.ark:1
    1 | (builtin__dict:add 1)
      | ^~~~~~~~~~~~~~~~~~~~
    2 |