Function empty? expected 1 argument
Call
  ↳ (empty? 1)
Signature
  ↳ (empty? value)
Arguments
  → `value' (expected List), got 1 (Number)

Alternative 2:
Signature
  ↳ (empty? value)
Arguments
  → `value' (expected Nil), got 1 (Number)

Alternative 3:
Signature
  ↳ (empty? value)
Arguments
  → `value' (expected String), got 1 (Number)

In file tests/unittests/resources/DiagnosticsSuite/typeChecking/empty_num.ark:1
    1 | (empty? 1)
      | ^~~~~~~~~
    2 |
