Function * expected 2 arguments
Call
  ↳ (* "1" 1)
Signature
  ↳ (* a b)
Arguments
  → `a' (expected Number), got "1" (String)
  → `b' (expected Number) ✓

In file tests/unittests/resources/DiagnosticsSuite/typeChecking/fused_math_sub_add_mul_num_num_num_str.ark:6
    3 | (let c 3)
    4 | (let d 4)
    5 |
    6 | (print (* a (+ b (- c d))))
      | ^~~~~~~~~~~~~~~~~~~~~~~~~~
    7 |
