Function head expected 1 argument
Call
  ↳ (head 5)
Signature
  ↳ (head value)
Arguments
  → `value' (expected List), got 5 (Number)

Alternative 2:
Signature
  ↳ (head value)
Arguments
  → `value' (expected String), got 5 (Number)

In file tests/unittests/resources/DiagnosticsSuite/typeChecking/head_num.ark:1
    1 | (head 5)
      | ^~~~~~~
    2 |