Function + expected 2 arguments
  -> a (Number) was of type String
  -> b (Number) was of type Function

In file tests/unittests/resources/DiagnosticsSuite/typeChecking/increment_index_str_num.ark:2
    1 | (mut i "0")
    2 | ((fun () (+ i 1)))
      | ^~~~~~~~~~~~~~~~~
    3 |

[   2] In function `???' (tests/unittests/resources/DiagnosticsSuite/typeChecking/increment_index_str_num.ark:2)
[   1] In global scope (tests/unittests/resources/DiagnosticsSuite/typeChecking/increment_index_str_num.ark:2)

Current scope variables values:
