Function list:slice expected 4 arguments
  -> list (List) was of type String
  -> start (Number)
  -> end (Number) was of type Bool
  -> step (Number) was of type Nil

In file tests/unittests/resources/DiagnosticsSuite/typeChecking/listslice_str_num_bool_nil.ark
    1 | (list:slice "hello" 1 true nil)
      | ^~~~~~~~~~~~~~~~~~~~~~~~~~~~~~
    2 |
