Function list:setAt expected 3 arguments but got 1
Call
  ↳ (list:setAt "hello")
Signature
  ↳ (list:setAt list index value)
Arguments
  → `list' (expected List), got "hello" (String)
  → `index' (expected Number) was not provided
  → `value' (expected any) was not provided

In file tests/unittests/resources/DiagnosticsSuite/typeChecking/listsetat_str.ark:1
    1 | (builtin__list:setAt "hello")
      | ^~~~~~~~~~~~~~~~~~~~~~~~~~~~
    2 |
