Function math:arcsin expected 1 argument
Call
  ↳ (math:arcsin 1)
Signature
  ↳ (math:arcsin value)
Arguments
  → `value' (expected Number), got 1 (String)

In file tests/unittests/resources/DiagnosticsSuite/typeChecking/matharcsin_str.ark:1
    1 | (builtin__math:arcsin "1")
      | ^~~~~~~~~~~~~~~~~~~~~~~~~
    2 |