Function math:tan expected 1 argument
Call
  ↳ (math:tan "1")
Signature
  ↳ (math:tan value)
Arguments
  → `value' (expected Number), got "1" (String)

In file tests/unittests/resources/DiagnosticsSuite/typeChecking/mathtan_str.ark:1
    1 | (builtin__math:tan "1")
      | ^~~~~~~~~~~~~~~~~~~~~~
    2 |
