Function math:acosh expected 1 argument
Call
  ↳ (math:acosh "1")
Signature
  ↳ (math:acosh value)
Arguments
  → `value' (expected Number), got "1" (String)

In file tests/unittests/resources/DiagnosticsSuite/typeChecking/mathacosh_str.ark:1
    1 | (builtin__math:acosh "1")
      | ^~~~~~~~~~~~~~~~~~~~~~~~
    2 |
