Function mod expected 2 arguments
Call
  ↳ (mod "1" "2")
Signature
  ↳ (mod a b)
Arguments
  → `a' (expected Number), got "1" (String)
  → `b' (expected Number), got "2" (String)

In file tests/unittests/resources/DiagnosticsSuite/typeChecking/mod_str_str.ark:1
    1 | (mod "1" "2")
      | ^~~~~~~~~~~~
    2 |
