Function * expected 2 arguments
Call
  ↳ (* 5 6)
Signature
  ↳ (* a b)
Arguments
  → `a' (expected Number), got 5 (String)
  → `b' (expected Number) ✓

In file tests/unittests/resources/DiagnosticsSuite/typeChecking/mul_set_val_str.ark:4
    1 | (mut a "5")
    2 |
    3 | ((fun ()
    4 |   (set a (* 6 a))))
      |   ^~~~~~~~~~~~~~~~
    5 |

[   2] In function `???' (tests/unittests/resources/DiagnosticsSuite/typeChecking/mul_set_val_str.ark:4)
[   1] In global scope (tests/unittests/resources/DiagnosticsSuite/typeChecking/mul_set_val_str.ark:3)

Current scope variables values:
