Function string:find expected between 2 arguments and 3 arguments but got 1
Call
  ↳ (string:find 1)
Signature
  ↳ (string:find string substr)
Arguments
  → `string' (expected String), got 1 (Number)
  → `substr' (expected String) was not provided

Alternative 2:
Signature
  ↳ (string:find string substr startIndex)
Arguments
  → `string' (expected String), got 1 (Number)
  → `substr' (expected String) was not provided
  → `startIndex' (expected Number) was not provided

In file tests/unittests/resources/DiagnosticsSuite/typeChecking/stringfind_num.ark:1
    1 | (builtin__string:find 1)
      | ^~~~~~~~~~~~~~~~~~~~~~~
    2 |