Function tail expected 1 argument
Call
  ↳ (tail 5)
Signature
  ↳ (tail value)
Arguments
  → `value' (expected List), got 5 (Number)

Alternative 2:
Signature
  ↳ (tail value)
Arguments
  → `value' (expected String), got 5 (Number)

In file tests/unittests/resources/DiagnosticsSuite/typeChecking/tail_num.ark:1
    1 | (tail 5)
      | ^~~~~~~
    2 |