page_0
	LOAD_CONST_STORE 0, 0
	LOAD_CONST_STORE 1, 2
	LOAD_CONST_STORE 2, 4
	BUILTIN 24
	STORE 6
	STORE_FROM 8, 7
	STORE_FROM 10, 9
	BUILTIN 25
	STORE 11
	LOAD_FAST_BY_INDEX 2
	LEN 0
	LOAD_CONST 3
	GE 0
	POP_JUMP_IF_TRUE L3
	BUILTIN 2
	JUMP L4
.L3:
	AT_SYM_INDEX_CONST 2, 4
	TO_NUM 0
.L4:
	STORE 12
	LOAD_FAST_BY_INDEX 0
	IS_NIL 0
	POP_JUMP_IF_TRUE L5
	LOAD_FAST_BY_INDEX 0
	JUMP L6
.L5:
	LOAD_CONST 5
.L6:
	STORE 13
	STORE_FROM_INDEX 0, 14
	CREATE_SCOPE 0
.L7:
	LOAD_FAST 14
	GT_CONST_JUMP_IF_FALSE L8, 3
	PUSH_RETURN_ADDRESS L9
	PUSH_RETURN_ADDRESS L10
	LOAD_CONST 6
	LOAD_FAST 14
	LOAD_FAST 14
	CALL_BUILTIN 30, 3
.L10:
	CALL_BUILTIN 9, 1
.L9:
	POP 0
	DECREMENT_STORE 14, 1
	PUSH_RETURN_ADDRESS L11
	PUSH_RETURN_ADDRESS L12
	LOAD_CONST 7
	LOAD_FAST 14
	CALL_BUILTIN 30, 2
.L12:
	CALL_BUILTIN 9, 1
.L11:
	POP 0
	RESET_SCOPE_JUMP L7
.L8:
	POP_SCOPE 0
	HALT 0

page_1
	CALL_BUILTIN_WITHOUT_RETURN_ADDRESS 26, 1
.L0:
	RET 0
	HALT 0

page_2
	CALL_BUILTIN_WITHOUT_RETURN_ADDRESS 27, 1
.L1:
	RET 0
	HALT 0

page_3
	CALL_BUILTIN_WITHOUT_RETURN_ADDRESS 28, 1
.L2:
	RET 0
	HALT 0
