page_0
	LOAD_SYMBOL 1
	LEN 0
	LOAD_CONST 0
	GE 0
	POP_JUMP_IF_TRUE L0
	BUILTIN 2
	JUMP L1
.L0:
	LOAD_SYMBOL 1
	LOAD_CONST 1
	AT 0
	TO_NUM 0
.L1:
	STORE 0
	LOAD_SYMBOL_BY_INDEX 0
	ISNIL 0
	POP_JUMP_IF_TRUE L2
	LOAD_SYMBOL_BY_INDEX 0
	JUMP L3
.L2:
	LOAD_CONST 2
.L3:
	STORE 2
	STORE_FROM_INDEX 0, 3
	CREATE_SCOPE 0
.L4:
	LOAD_SYMBOL 3
	GT_CONST_JUMP_IF_FALSE L5, 0
	LOAD_CONST 3
	LOAD_SYMBOL 3
	LOAD_SYMBOL 3
	CALL_BUILTIN 24, 3
	CALL_BUILTIN 9, 1
	POP 0
	DECREMENT 3, 1
	SET_VAL 3
	LOAD_CONST 4
	LOAD_SYMBOL 3
	CALL_BUILTIN 24, 2
	CALL_BUILTIN 9, 1
	POP 0
	RESET_SCOPE_JUMP L4
.L5:
	POP_SCOPE 0
	HALT 0
