page_0
	LOAD_CONST_STORE 0, 0
	PUSH_RETURN_ADDRESS L5
	PUSH_RETURN_ADDRESS L6
	LOAD_CONST_LOAD_CONST 3, 4
	LOAD_FAST_BY_INDEX 0
	CALL 2
.L6:
	LOAD_CONST 5
	CALL_BUILTIN 9, 2
.L5:
	HALT 0

page_1
	STORE 1
	STORE 2
	LOAD_FAST_BY_INDEX 1
	GT_CONST_JUMP_IF_TRUE L0, 1
	INCREMENT_BY_INDEX 0, 1
	JUMP L1
.L0:
	LOAD_CONST 1
	EQ_SYM_INDEX_JUMP_IF_TRUE L2, 0
	PUSH_RETURN_ADDRESS L3
	DECREMENT_BY_INDEX 0, 1
	LOAD_FAST_BY_INDEX 1
	CALL_CURRENT_PAGE 0, 2
.L3:
	DECREMENT_BY_INDEX 1, 1
	JUMP 0
	JUMP L4
.L2:
	LOAD_CONST 2
	DECREMENT_BY_INDEX 1, 1
	JUMP 0
.L4:
.L1:
	RET 0
	HALT 0
