page_0
	LOAD_CONST_STORE 0, 0
	LOAD_CONST_LOAD_CONST 3, 4
	LOAD_CONST 5
	LOAD_SYMBOL_BY_INDEX 0
	CALL 2
	CALL_BUILTIN 9, 2
	HALT 0

page_1
	STORE 1
	STORE 2
	LOAD_SYMBOL_BY_INDEX 1
	LOAD_CONST 1
	GT 0
	POP_JUMP_IF_TRUE L0
	INCREMENT_BY_INDEX 0, 1
	JUMP L1
.L0:
	LOAD_CONST 1
	LOAD_SYMBOL_BY_INDEX 0
	EQ 0
	POP_JUMP_IF_TRUE L2
	LOAD_SYMBOL_BY_INDEX 1
	DECREMENT_BY_INDEX 0, 1
	LOAD_SYMBOL 0
	CALL 2
	DECREMENT_BY_INDEX 1, 1
	JUMP 0
	JUMP L3
.L2:
	LOAD_CONST 2
	DECREMENT_BY_INDEX 1, 1
	JUMP 0
.L3:
.L1:
	RET 0
	HALT 0
