global
	LOAD_CONST_STORE 0, 0
	PUSH_RETURN_ADDRESS L1
	LOAD_CONST 1
	CALL_SYMBOL_BY_INDEX 0, 1
.L1:
	POP 0
	LOAD_CONST_STORE 2, 3
	PUSH_RETURN_ADDRESS L3
	LOAD_CONST 3
	CALL_SYMBOL_BY_INDEX 0, 1
.L3:
	POP 0
	HALT 0

page_1 (#anonymous (0 arguments) function)
	STORE 1
	PUSH_RETURN_ADDRESS L0
	LOAD_FAST_BY_INDEX 0
	CALL_BUILTIN 9, 1
.L0:
	POP 0
	LOAD_FAST_BY_INDEX 0
	TO_STR 0
	STORE 2
	LOAD_FAST_BY_INDEX 0
	RET 0
	HALT 0

page_2 (#anonymous (0 arguments) function)
	CALL_BUILTIN_WITHOUT_RETURN_ADDRESS 9, 1
.L2:
	RET 0
	HALT 0
