page_0
	LOAD_CONST_STORE 0, 0
	LOAD_CONST_STORE 1, 1
	LOAD_CONST_STORE 2, 2
	LOAD_CONST_STORE 3, 3
	PUSH_RETURN_ADDRESS L0
	LOAD_FAST_BY_INDEX 3
	LOAD_FAST_BY_INDEX 2
	LOAD_FAST_BY_INDEX 1
	LOAD_FAST_BY_INDEX 0
	FUSED_MATH 40, 40, 40
	LOAD_FAST_BY_INDEX 3
	LOAD_FAST_BY_INDEX 2
	LOAD_FAST_BY_INDEX 1
	LOAD_FAST_BY_INDEX 0
	FUSED_MATH 40, 38, 40
	LOAD_FAST_BY_INDEX 3
	LOAD_FAST_BY_INDEX 2
	LOAD_FAST_BY_INDEX 1
	LOAD_FAST_BY_INDEX 0
	FUSED_MATH 40, 39, 40
	LOAD_FAST_BY_INDEX 3
	LOAD_FAST_BY_INDEX 2
	LOAD_FAST_BY_INDEX 1
	LOAD_FAST_BY_INDEX 0
	FUSED_MATH 40, 37, 40
	LOAD_FAST_BY_INDEX 3
	LOAD_FAST_BY_INDEX 2
	LOAD_FAST_BY_INDEX 1
	LOAD_FAST_BY_INDEX 0
	FUSED_MATH 40, 40, 39
	LOAD_FAST_BY_INDEX 3
	LOAD_FAST_BY_INDEX 2
	LOAD_FAST_BY_INDEX 1
	LOAD_FAST_BY_INDEX 0
	FUSED_MATH 40, 38, 39
	LOAD_FAST_BY_INDEX 3
	LOAD_FAST_BY_INDEX 2
	LOAD_FAST_BY_INDEX 1
	LOAD_FAST_BY_INDEX 0
	FUSED_MATH 40, 39, 39
	LOAD_FAST_BY_INDEX 3
	LOAD_FAST_BY_INDEX 2
	LOAD_FAST_BY_INDEX 1
	LOAD_FAST_BY_INDEX 0
	FUSED_MATH 40, 37, 39
	LOAD_FAST_BY_INDEX 3
	LOAD_FAST_BY_INDEX 2
	LOAD_FAST_BY_INDEX 1
	LOAD_FAST_BY_INDEX 0
	FUSED_MATH 40, 40, 38
	LOAD_FAST_BY_INDEX 3
	LOAD_FAST_BY_INDEX 2
	LOAD_FAST_BY_INDEX 1
	LOAD_FAST_BY_INDEX 0
	FUSED_MATH 40, 38, 38
	LOAD_FAST_BY_INDEX 3
	LOAD_FAST_BY_INDEX 2
	LOAD_FAST_BY_INDEX 1
	LOAD_FAST_BY_INDEX 0
	FUSED_MATH 40, 39, 38
	LOAD_FAST_BY_INDEX 3
	LOAD_FAST_BY_INDEX 2
	LOAD_FAST_BY_INDEX 1
	LOAD_FAST_BY_INDEX 0
	FUSED_MATH 40, 37, 38
	LOAD_FAST_BY_INDEX 3
	LOAD_FAST_BY_INDEX 2
	LOAD_FAST_BY_INDEX 1
	LOAD_FAST_BY_INDEX 0
	FUSED_MATH 40, 40, 37
	LOAD_FAST_BY_INDEX 3
	LOAD_FAST_BY_INDEX 2
	LOAD_FAST_BY_INDEX 1
	LOAD_FAST_BY_INDEX 0
	FUSED_MATH 40, 38, 37
	LOAD_FAST_BY_INDEX 3
	LOAD_FAST_BY_INDEX 2
	LOAD_FAST_BY_INDEX 1
	LOAD_FAST_BY_INDEX 0
	FUSED_MATH 40, 39, 37
	LOAD_FAST_BY_INDEX 3
	LOAD_FAST_BY_INDEX 2
	LOAD_FAST_BY_INDEX 1
	LOAD_FAST_BY_INDEX 0
	FUSED_MATH 40, 37, 37
	LOAD_FAST_BY_INDEX 3
	LOAD_FAST_BY_INDEX 2
	LOAD_FAST_BY_INDEX 1
	LOAD_FAST_BY_INDEX 0
	FUSED_MATH 39, 40, 40
	LOAD_FAST_BY_INDEX 3
	LOAD_FAST_BY_INDEX 2
	LOAD_FAST_BY_INDEX 1
	LOAD_FAST_BY_INDEX 0
	FUSED_MATH 39, 38, 40
	LOAD_FAST_BY_INDEX 3
	LOAD_FAST_BY_INDEX 2
	LOAD_FAST_BY_INDEX 1
	LOAD_FAST_BY_INDEX 0
	FUSED_MATH 39, 39, 40
	LOAD_FAST_BY_INDEX 3
	LOAD_FAST_BY_INDEX 2
	LOAD_FAST_BY_INDEX 1
	LOAD_FAST_BY_INDEX 0
	FUSED_MATH 39, 37, 40
	LOAD_FAST_BY_INDEX 3
	LOAD_FAST_BY_INDEX 2
	LOAD_FAST_BY_INDEX 1
	LOAD_FAST_BY_INDEX 0
	FUSED_MATH 39, 40, 39
	LOAD_FAST_BY_INDEX 3
	LOAD_FAST_BY_INDEX 2
	LOAD_FAST_BY_INDEX 1
	LOAD_FAST_BY_INDEX 0
	FUSED_MATH 39, 38, 39
	LOAD_FAST_BY_INDEX 3
	LOAD_FAST_BY_INDEX 2
	LOAD_FAST_BY_INDEX 1
	LOAD_FAST_BY_INDEX 0
	FUSED_MATH 39, 39, 39
	LOAD_FAST_BY_INDEX 3
	LOAD_FAST_BY_INDEX 2
	LOAD_FAST_BY_INDEX 1
	LOAD_FAST_BY_INDEX 0
	FUSED_MATH 39, 37, 39
	LOAD_FAST_BY_INDEX 3
	LOAD_FAST_BY_INDEX 2
	LOAD_FAST_BY_INDEX 1
	LOAD_FAST_BY_INDEX 0
	FUSED_MATH 39, 40, 38
	LOAD_FAST_BY_INDEX 3
	LOAD_FAST_BY_INDEX 2
	LOAD_FAST_BY_INDEX 1
	LOAD_FAST_BY_INDEX 0
	FUSED_MATH 39, 38, 38
	LOAD_FAST_BY_INDEX 3
	LOAD_FAST_BY_INDEX 2
	LOAD_FAST_BY_INDEX 1
	LOAD_FAST_BY_INDEX 0
	FUSED_MATH 39, 39, 38
	LOAD_FAST_BY_INDEX 3
	LOAD_FAST_BY_INDEX 2
	LOAD_FAST_BY_INDEX 1
	LOAD_FAST_BY_INDEX 0
	FUSED_MATH 39, 37, 38
	LOAD_FAST_BY_INDEX 3
	LOAD_FAST_BY_INDEX 2
	LOAD_FAST_BY_INDEX 1
	LOAD_FAST_BY_INDEX 0
	FUSED_MATH 39, 40, 37
	LOAD_FAST_BY_INDEX 3
	LOAD_FAST_BY_INDEX 2
	LOAD_FAST_BY_INDEX 1
	LOAD_FAST_BY_INDEX 0
	FUSED_MATH 39, 38, 37
	LOAD_FAST_BY_INDEX 3
	LOAD_FAST_BY_INDEX 2
	LOAD_FAST_BY_INDEX 1
	LOAD_FAST_BY_INDEX 0
	FUSED_MATH 39, 39, 37
	LOAD_FAST_BY_INDEX 3
	LOAD_FAST_BY_INDEX 2
	LOAD_FAST_BY_INDEX 1
	LOAD_FAST_BY_INDEX 0
	FUSED_MATH 39, 37, 37
	LOAD_FAST_BY_INDEX 3
	LOAD_FAST_BY_INDEX 2
	LOAD_FAST_BY_INDEX 1
	LOAD_FAST_BY_INDEX 0
	FUSED_MATH 38, 40, 40
	LOAD_FAST_BY_INDEX 3
	LOAD_FAST_BY_INDEX 2
	LOAD_FAST_BY_INDEX 1
	LOAD_FAST_BY_INDEX 0
	FUSED_MATH 38, 38, 40
	LOAD_FAST_BY_INDEX 3
	LOAD_FAST_BY_INDEX 2
	LOAD_FAST_BY_INDEX 1
	LOAD_FAST_BY_INDEX 0
	FUSED_MATH 38, 39, 40
	LOAD_FAST_BY_INDEX 3
	LOAD_FAST_BY_INDEX 2
	LOAD_FAST_BY_INDEX 1
	LOAD_FAST_BY_INDEX 0
	FUSED_MATH 38, 37, 40
	LOAD_FAST_BY_INDEX 3
	LOAD_FAST_BY_INDEX 2
	LOAD_FAST_BY_INDEX 1
	LOAD_FAST_BY_INDEX 0
	FUSED_MATH 38, 40, 39
	LOAD_FAST_BY_INDEX 3
	LOAD_FAST_BY_INDEX 2
	LOAD_FAST_BY_INDEX 1
	LOAD_FAST_BY_INDEX 0
	FUSED_MATH 38, 38, 39
	LOAD_FAST_BY_INDEX 3
	LOAD_FAST_BY_INDEX 2
	LOAD_FAST_BY_INDEX 1
	LOAD_FAST_BY_INDEX 0
	FUSED_MATH 38, 39, 39
	LOAD_FAST_BY_INDEX 3
	LOAD_FAST_BY_INDEX 2
	LOAD_FAST_BY_INDEX 1
	LOAD_FAST_BY_INDEX 0
	FUSED_MATH 38, 37, 39
	LOAD_FAST_BY_INDEX 3
	LOAD_FAST_BY_INDEX 2
	LOAD_FAST_BY_INDEX 1
	LOAD_FAST_BY_INDEX 0
	FUSED_MATH 38, 40, 38
	LOAD_FAST_BY_INDEX 3
	LOAD_FAST_BY_INDEX 2
	LOAD_FAST_BY_INDEX 1
	LOAD_FAST_BY_INDEX 0
	FUSED_MATH 38, 38, 38
	LOAD_FAST_BY_INDEX 3
	LOAD_FAST_BY_INDEX 2
	LOAD_FAST_BY_INDEX 1
	LOAD_FAST_BY_INDEX 0
	FUSED_MATH 38, 39, 38
	LOAD_FAST_BY_INDEX 3
	LOAD_FAST_BY_INDEX 2
	LOAD_FAST_BY_INDEX 1
	LOAD_FAST_BY_INDEX 0
	FUSED_MATH 38, 37, 38
	LOAD_FAST_BY_INDEX 3
	LOAD_FAST_BY_INDEX 2
	LOAD_FAST_BY_INDEX 1
	LOAD_FAST_BY_INDEX 0
	FUSED_MATH 38, 40, 37
	LOAD_FAST_BY_INDEX 3
	LOAD_FAST_BY_INDEX 2
	LOAD_FAST_BY_INDEX 1
	LOAD_FAST_BY_INDEX 0
	FUSED_MATH 38, 38, 37
	LOAD_FAST_BY_INDEX 3
	LOAD_FAST_BY_INDEX 2
	LOAD_FAST_BY_INDEX 1
	LOAD_FAST_BY_INDEX 0
	FUSED_MATH 38, 39, 37
	LOAD_FAST_BY_INDEX 3
	LOAD_FAST_BY_INDEX 2
	LOAD_FAST_BY_INDEX 1
	LOAD_FAST_BY_INDEX 0
	FUSED_MATH 38, 37, 37
	LOAD_FAST_BY_INDEX 3
	LOAD_FAST_BY_INDEX 2
	LOAD_FAST_BY_INDEX 1
	LOAD_FAST_BY_INDEX 0
	FUSED_MATH 37, 40, 40
	LOAD_FAST_BY_INDEX 3
	LOAD_FAST_BY_INDEX 2
	LOAD_FAST_BY_INDEX 1
	LOAD_FAST_BY_INDEX 0
	FUSED_MATH 37, 38, 40
	LOAD_FAST_BY_INDEX 3
	LOAD_FAST_BY_INDEX 2
	LOAD_FAST_BY_INDEX 1
	LOAD_FAST_BY_INDEX 0
	FUSED_MATH 37, 39, 40
	LOAD_FAST_BY_INDEX 3
	LOAD_FAST_BY_INDEX 2
	LOAD_FAST_BY_INDEX 1
	LOAD_FAST_BY_INDEX 0
	FUSED_MATH 37, 37, 40
	LOAD_FAST_BY_INDEX 3
	LOAD_FAST_BY_INDEX 2
	LOAD_FAST_BY_INDEX 1
	LOAD_FAST_BY_INDEX 0
	FUSED_MATH 37, 40, 39
	LOAD_FAST_BY_INDEX 3
	LOAD_FAST_BY_INDEX 2
	LOAD_FAST_BY_INDEX 1
	LOAD_FAST_BY_INDEX 0
	FUSED_MATH 37, 38, 39
	LOAD_FAST_BY_INDEX 3
	LOAD_FAST_BY_INDEX 2
	LOAD_FAST_BY_INDEX 1
	LOAD_FAST_BY_INDEX 0
	FUSED_MATH 37, 39, 39
	LOAD_FAST_BY_INDEX 3
	LOAD_FAST_BY_INDEX 2
	LOAD_FAST_BY_INDEX 1
	LOAD_FAST_BY_INDEX 0
	FUSED_MATH 37, 37, 39
	LOAD_FAST_BY_INDEX 3
	LOAD_FAST_BY_INDEX 2
	LOAD_FAST_BY_INDEX 1
	LOAD_FAST_BY_INDEX 0
	FUSED_MATH 37, 40, 38
	LOAD_FAST_BY_INDEX 3
	LOAD_FAST_BY_INDEX 2
	LOAD_FAST_BY_INDEX 1
	LOAD_FAST_BY_INDEX 0
	FUSED_MATH 37, 38, 38
	LOAD_FAST_BY_INDEX 3
	LOAD_FAST_BY_INDEX 2
	LOAD_FAST_BY_INDEX 1
	LOAD_FAST_BY_INDEX 0
	FUSED_MATH 37, 39, 38
	LOAD_FAST_BY_INDEX 3
	LOAD_FAST_BY_INDEX 2
	LOAD_FAST_BY_INDEX 1
	LOAD_FAST_BY_INDEX 0
	FUSED_MATH 37, 37, 38
	LOAD_FAST_BY_INDEX 3
	LOAD_FAST_BY_INDEX 2
	LOAD_FAST_BY_INDEX 1
	LOAD_FAST_BY_INDEX 0
	FUSED_MATH 37, 40, 37
	LOAD_FAST_BY_INDEX 3
	LOAD_FAST_BY_INDEX 2
	LOAD_FAST_BY_INDEX 1
	LOAD_FAST_BY_INDEX 0
	FUSED_MATH 37, 38, 37
	LOAD_FAST_BY_INDEX 3
	LOAD_FAST_BY_INDEX 2
	LOAD_FAST_BY_INDEX 1
	LOAD_FAST_BY_INDEX 0
	FUSED_MATH 37, 39, 37
	LOAD_FAST_BY_INDEX 3
	LOAD_FAST_BY_INDEX 2
	LOAD_FAST_BY_INDEX 1
	LOAD_FAST_BY_INDEX 0
	FUSED_MATH 37, 37, 37
	LOAD_FAST_BY_INDEX 3
	LOAD_FAST_BY_INDEX 2
	LOAD_FAST_BY_INDEX 1
	FUSED_MATH 40, 40, 0
	LOAD_FAST_BY_INDEX 3
	LOAD_FAST_BY_INDEX 2
	LOAD_FAST_BY_INDEX 1
	FUSED_MATH 38, 40, 0
	LOAD_FAST_BY_INDEX 3
	LOAD_FAST_BY_INDEX 2
	LOAD_FAST_BY_INDEX 1
	FUSED_MATH 39, 40, 0
	LOAD_FAST_BY_INDEX 3
	LOAD_FAST_BY_INDEX 2
	LOAD_FAST_BY_INDEX 1
	FUSED_MATH 37, 40, 0
	LOAD_FAST_BY_INDEX 3
	LOAD_FAST_BY_INDEX 2
	LOAD_FAST_BY_INDEX 1
	FUSED_MATH 40, 39, 0
	LOAD_FAST_BY_INDEX 3
	LOAD_FAST_BY_INDEX 2
	LOAD_FAST_BY_INDEX 1
	FUSED_MATH 38, 39, 0
	LOAD_FAST_BY_INDEX 3
	LOAD_FAST_BY_INDEX 2
	LOAD_FAST_BY_INDEX 1
	FUSED_MATH 39, 39, 0
	LOAD_FAST_BY_INDEX 3
	LOAD_FAST_BY_INDEX 2
	LOAD_FAST_BY_INDEX 1
	FUSED_MATH 37, 39, 0
	LOAD_FAST_BY_INDEX 3
	LOAD_FAST_BY_INDEX 2
	LOAD_FAST_BY_INDEX 1
	FUSED_MATH 40, 38, 0
	LOAD_FAST_BY_INDEX 3
	LOAD_FAST_BY_INDEX 2
	LOAD_FAST_BY_INDEX 1
	FUSED_MATH 38, 38, 0
	LOAD_FAST_BY_INDEX 3
	LOAD_FAST_BY_INDEX 2
	LOAD_FAST_BY_INDEX 1
	FUSED_MATH 39, 38, 0
	LOAD_FAST_BY_INDEX 3
	LOAD_FAST_BY_INDEX 2
	LOAD_FAST_BY_INDEX 1
	FUSED_MATH 37, 38, 0
	LOAD_FAST_BY_INDEX 3
	LOAD_FAST_BY_INDEX 2
	LOAD_FAST_BY_INDEX 1
	FUSED_MATH 40, 37, 0
	LOAD_FAST_BY_INDEX 3
	LOAD_FAST_BY_INDEX 2
	LOAD_FAST_BY_INDEX 1
	FUSED_MATH 38, 37, 0
	LOAD_FAST_BY_INDEX 3
	LOAD_FAST_BY_INDEX 2
	LOAD_FAST_BY_INDEX 1
	FUSED_MATH 39, 37, 0
	LOAD_FAST_BY_INDEX 3
	LOAD_FAST_BY_INDEX 2
	LOAD_FAST_BY_INDEX 1
	FUSED_MATH 37, 37, 0
	LIST 80
	CALL_BUILTIN 9, 1
.L0:
	HALT 0
