page_0
	LOAD_CONST_STORE 0, 0
	LOAD_CONST_STORE 1, 1
	LOAD_CONST_STORE 2, 2
	LOAD_CONST_STORE 3, 3
	PUSH_RETURN_ADDRESS L0
	LOAD_FAST_BY_INDEX 3
	LOAD_FAST_BY_INDEX 2
	LOAD_FAST_BY_INDEX 1
	LOAD_FAST_BY_INDEX 0
	FUSED_MATH 42, 42, 42
	LOAD_FAST_BY_INDEX 3
	LOAD_FAST_BY_INDEX 2
	LOAD_FAST_BY_INDEX 1
	LOAD_FAST_BY_INDEX 0
	FUSED_MATH 42, 40, 42
	LOAD_FAST_BY_INDEX 3
	LOAD_FAST_BY_INDEX 2
	LOAD_FAST_BY_INDEX 1
	LOAD_FAST_BY_INDEX 0
	FUSED_MATH 42, 41, 42
	LOAD_FAST_BY_INDEX 3
	LOAD_FAST_BY_INDEX 2
	LOAD_FAST_BY_INDEX 1
	LOAD_FAST_BY_INDEX 0
	FUSED_MATH 42, 39, 42
	LOAD_FAST_BY_INDEX 3
	LOAD_FAST_BY_INDEX 2
	LOAD_FAST_BY_INDEX 1
	LOAD_FAST_BY_INDEX 0
	FUSED_MATH 42, 42, 41
	LOAD_FAST_BY_INDEX 3
	LOAD_FAST_BY_INDEX 2
	LOAD_FAST_BY_INDEX 1
	LOAD_FAST_BY_INDEX 0
	FUSED_MATH 42, 40, 41
	LOAD_FAST_BY_INDEX 3
	LOAD_FAST_BY_INDEX 2
	LOAD_FAST_BY_INDEX 1
	LOAD_FAST_BY_INDEX 0
	FUSED_MATH 42, 41, 41
	LOAD_FAST_BY_INDEX 3
	LOAD_FAST_BY_INDEX 2
	LOAD_FAST_BY_INDEX 1
	LOAD_FAST_BY_INDEX 0
	FUSED_MATH 42, 39, 41
	LOAD_FAST_BY_INDEX 3
	LOAD_FAST_BY_INDEX 2
	LOAD_FAST_BY_INDEX 1
	LOAD_FAST_BY_INDEX 0
	FUSED_MATH 42, 42, 40
	LOAD_FAST_BY_INDEX 3
	LOAD_FAST_BY_INDEX 2
	LOAD_FAST_BY_INDEX 1
	LOAD_FAST_BY_INDEX 0
	FUSED_MATH 42, 40, 40
	LOAD_FAST_BY_INDEX 3
	LOAD_FAST_BY_INDEX 2
	LOAD_FAST_BY_INDEX 1
	LOAD_FAST_BY_INDEX 0
	FUSED_MATH 42, 41, 40
	LOAD_FAST_BY_INDEX 3
	LOAD_FAST_BY_INDEX 2
	LOAD_FAST_BY_INDEX 1
	LOAD_FAST_BY_INDEX 0
	FUSED_MATH 42, 39, 40
	LOAD_FAST_BY_INDEX 3
	LOAD_FAST_BY_INDEX 2
	LOAD_FAST_BY_INDEX 1
	LOAD_FAST_BY_INDEX 0
	FUSED_MATH 42, 42, 39
	LOAD_FAST_BY_INDEX 3
	LOAD_FAST_BY_INDEX 2
	LOAD_FAST_BY_INDEX 1
	LOAD_FAST_BY_INDEX 0
	FUSED_MATH 42, 40, 39
	LOAD_FAST_BY_INDEX 3
	LOAD_FAST_BY_INDEX 2
	LOAD_FAST_BY_INDEX 1
	LOAD_FAST_BY_INDEX 0
	FUSED_MATH 42, 41, 39
	LOAD_FAST_BY_INDEX 3
	LOAD_FAST_BY_INDEX 2
	LOAD_FAST_BY_INDEX 1
	LOAD_FAST_BY_INDEX 0
	FUSED_MATH 42, 39, 39
	LOAD_FAST_BY_INDEX 3
	LOAD_FAST_BY_INDEX 2
	LOAD_FAST_BY_INDEX 1
	LOAD_FAST_BY_INDEX 0
	FUSED_MATH 41, 42, 42
	LOAD_FAST_BY_INDEX 3
	LOAD_FAST_BY_INDEX 2
	LOAD_FAST_BY_INDEX 1
	LOAD_FAST_BY_INDEX 0
	FUSED_MATH 41, 40, 42
	LOAD_FAST_BY_INDEX 3
	LOAD_FAST_BY_INDEX 2
	LOAD_FAST_BY_INDEX 1
	LOAD_FAST_BY_INDEX 0
	FUSED_MATH 41, 41, 42
	LOAD_FAST_BY_INDEX 3
	LOAD_FAST_BY_INDEX 2
	LOAD_FAST_BY_INDEX 1
	LOAD_FAST_BY_INDEX 0
	FUSED_MATH 41, 39, 42
	LOAD_FAST_BY_INDEX 3
	LOAD_FAST_BY_INDEX 2
	LOAD_FAST_BY_INDEX 1
	LOAD_FAST_BY_INDEX 0
	FUSED_MATH 41, 42, 41
	LOAD_FAST_BY_INDEX 3
	LOAD_FAST_BY_INDEX 2
	LOAD_FAST_BY_INDEX 1
	LOAD_FAST_BY_INDEX 0
	FUSED_MATH 41, 40, 41
	LOAD_FAST_BY_INDEX 3
	LOAD_FAST_BY_INDEX 2
	LOAD_FAST_BY_INDEX 1
	LOAD_FAST_BY_INDEX 0
	FUSED_MATH 41, 41, 41
	LOAD_FAST_BY_INDEX 3
	LOAD_FAST_BY_INDEX 2
	LOAD_FAST_BY_INDEX 1
	LOAD_FAST_BY_INDEX 0
	FUSED_MATH 41, 39, 41
	LOAD_FAST_BY_INDEX 3
	LOAD_FAST_BY_INDEX 2
	LOAD_FAST_BY_INDEX 1
	LOAD_FAST_BY_INDEX 0
	FUSED_MATH 41, 42, 40
	LOAD_FAST_BY_INDEX 3
	LOAD_FAST_BY_INDEX 2
	LOAD_FAST_BY_INDEX 1
	LOAD_FAST_BY_INDEX 0
	FUSED_MATH 41, 40, 40
	LOAD_FAST_BY_INDEX 3
	LOAD_FAST_BY_INDEX 2
	LOAD_FAST_BY_INDEX 1
	LOAD_FAST_BY_INDEX 0
	FUSED_MATH 41, 41, 40
	LOAD_FAST_BY_INDEX 3
	LOAD_FAST_BY_INDEX 2
	LOAD_FAST_BY_INDEX 1
	LOAD_FAST_BY_INDEX 0
	FUSED_MATH 41, 39, 40
	LOAD_FAST_BY_INDEX 3
	LOAD_FAST_BY_INDEX 2
	LOAD_FAST_BY_INDEX 1
	LOAD_FAST_BY_INDEX 0
	FUSED_MATH 41, 42, 39
	LOAD_FAST_BY_INDEX 3
	LOAD_FAST_BY_INDEX 2
	LOAD_FAST_BY_INDEX 1
	LOAD_FAST_BY_INDEX 0
	FUSED_MATH 41, 40, 39
	LOAD_FAST_BY_INDEX 3
	LOAD_FAST_BY_INDEX 2
	LOAD_FAST_BY_INDEX 1
	LOAD_FAST_BY_INDEX 0
	FUSED_MATH 41, 41, 39
	LOAD_FAST_BY_INDEX 3
	LOAD_FAST_BY_INDEX 2
	LOAD_FAST_BY_INDEX 1
	LOAD_FAST_BY_INDEX 0
	FUSED_MATH 41, 39, 39
	LOAD_FAST_BY_INDEX 3
	LOAD_FAST_BY_INDEX 2
	LOAD_FAST_BY_INDEX 1
	LOAD_FAST_BY_INDEX 0
	FUSED_MATH 40, 42, 42
	LOAD_FAST_BY_INDEX 3
	LOAD_FAST_BY_INDEX 2
	LOAD_FAST_BY_INDEX 1
	LOAD_FAST_BY_INDEX 0
	FUSED_MATH 40, 40, 42
	LOAD_FAST_BY_INDEX 3
	LOAD_FAST_BY_INDEX 2
	LOAD_FAST_BY_INDEX 1
	LOAD_FAST_BY_INDEX 0
	FUSED_MATH 40, 41, 42
	LOAD_FAST_BY_INDEX 3
	LOAD_FAST_BY_INDEX 2
	LOAD_FAST_BY_INDEX 1
	LOAD_FAST_BY_INDEX 0
	FUSED_MATH 40, 39, 42
	LOAD_FAST_BY_INDEX 3
	LOAD_FAST_BY_INDEX 2
	LOAD_FAST_BY_INDEX 1
	LOAD_FAST_BY_INDEX 0
	FUSED_MATH 40, 42, 41
	LOAD_FAST_BY_INDEX 3
	LOAD_FAST_BY_INDEX 2
	LOAD_FAST_BY_INDEX 1
	LOAD_FAST_BY_INDEX 0
	FUSED_MATH 40, 40, 41
	LOAD_FAST_BY_INDEX 3
	LOAD_FAST_BY_INDEX 2
	LOAD_FAST_BY_INDEX 1
	LOAD_FAST_BY_INDEX 0
	FUSED_MATH 40, 41, 41
	LOAD_FAST_BY_INDEX 3
	LOAD_FAST_BY_INDEX 2
	LOAD_FAST_BY_INDEX 1
	LOAD_FAST_BY_INDEX 0
	FUSED_MATH 40, 39, 41
	LOAD_FAST_BY_INDEX 3
	LOAD_FAST_BY_INDEX 2
	LOAD_FAST_BY_INDEX 1
	LOAD_FAST_BY_INDEX 0
	FUSED_MATH 40, 42, 40
	LOAD_FAST_BY_INDEX 3
	LOAD_FAST_BY_INDEX 2
	LOAD_FAST_BY_INDEX 1
	LOAD_FAST_BY_INDEX 0
	FUSED_MATH 40, 40, 40
	LOAD_FAST_BY_INDEX 3
	LOAD_FAST_BY_INDEX 2
	LOAD_FAST_BY_INDEX 1
	LOAD_FAST_BY_INDEX 0
	FUSED_MATH 40, 41, 40
	LOAD_FAST_BY_INDEX 3
	LOAD_FAST_BY_INDEX 2
	LOAD_FAST_BY_INDEX 1
	LOAD_FAST_BY_INDEX 0
	FUSED_MATH 40, 39, 40
	LOAD_FAST_BY_INDEX 3
	LOAD_FAST_BY_INDEX 2
	LOAD_FAST_BY_INDEX 1
	LOAD_FAST_BY_INDEX 0
	FUSED_MATH 40, 42, 39
	LOAD_FAST_BY_INDEX 3
	LOAD_FAST_BY_INDEX 2
	LOAD_FAST_BY_INDEX 1
	LOAD_FAST_BY_INDEX 0
	FUSED_MATH 40, 40, 39
	LOAD_FAST_BY_INDEX 3
	LOAD_FAST_BY_INDEX 2
	LOAD_FAST_BY_INDEX 1
	LOAD_FAST_BY_INDEX 0
	FUSED_MATH 40, 41, 39
	LOAD_FAST_BY_INDEX 3
	LOAD_FAST_BY_INDEX 2
	LOAD_FAST_BY_INDEX 1
	LOAD_FAST_BY_INDEX 0
	FUSED_MATH 40, 39, 39
	LOAD_FAST_BY_INDEX 3
	LOAD_FAST_BY_INDEX 2
	LOAD_FAST_BY_INDEX 1
	LOAD_FAST_BY_INDEX 0
	FUSED_MATH 39, 42, 42
	LOAD_FAST_BY_INDEX 3
	LOAD_FAST_BY_INDEX 2
	LOAD_FAST_BY_INDEX 1
	LOAD_FAST_BY_INDEX 0
	FUSED_MATH 39, 40, 42
	LOAD_FAST_BY_INDEX 3
	LOAD_FAST_BY_INDEX 2
	LOAD_FAST_BY_INDEX 1
	LOAD_FAST_BY_INDEX 0
	FUSED_MATH 39, 41, 42
	LOAD_FAST_BY_INDEX 3
	LOAD_FAST_BY_INDEX 2
	LOAD_FAST_BY_INDEX 1
	LOAD_FAST_BY_INDEX 0
	FUSED_MATH 39, 39, 42
	LOAD_FAST_BY_INDEX 3
	LOAD_FAST_BY_INDEX 2
	LOAD_FAST_BY_INDEX 1
	LOAD_FAST_BY_INDEX 0
	FUSED_MATH 39, 42, 41
	LOAD_FAST_BY_INDEX 3
	LOAD_FAST_BY_INDEX 2
	LOAD_FAST_BY_INDEX 1
	LOAD_FAST_BY_INDEX 0
	FUSED_MATH 39, 40, 41
	LOAD_FAST_BY_INDEX 3
	LOAD_FAST_BY_INDEX 2
	LOAD_FAST_BY_INDEX 1
	LOAD_FAST_BY_INDEX 0
	FUSED_MATH 39, 41, 41
	LOAD_FAST_BY_INDEX 3
	LOAD_FAST_BY_INDEX 2
	LOAD_FAST_BY_INDEX 1
	LOAD_FAST_BY_INDEX 0
	FUSED_MATH 39, 39, 41
	LOAD_FAST_BY_INDEX 3
	LOAD_FAST_BY_INDEX 2
	LOAD_FAST_BY_INDEX 1
	LOAD_FAST_BY_INDEX 0
	FUSED_MATH 39, 42, 40
	LOAD_FAST_BY_INDEX 3
	LOAD_FAST_BY_INDEX 2
	LOAD_FAST_BY_INDEX 1
	LOAD_FAST_BY_INDEX 0
	FUSED_MATH 39, 40, 40
	LOAD_FAST_BY_INDEX 3
	LOAD_FAST_BY_INDEX 2
	LOAD_FAST_BY_INDEX 1
	LOAD_FAST_BY_INDEX 0
	FUSED_MATH 39, 41, 40
	LOAD_FAST_BY_INDEX 3
	LOAD_FAST_BY_INDEX 2
	LOAD_FAST_BY_INDEX 1
	LOAD_FAST_BY_INDEX 0
	FUSED_MATH 39, 39, 40
	LOAD_FAST_BY_INDEX 3
	LOAD_FAST_BY_INDEX 2
	LOAD_FAST_BY_INDEX 1
	LOAD_FAST_BY_INDEX 0
	FUSED_MATH 39, 42, 39
	LOAD_FAST_BY_INDEX 3
	LOAD_FAST_BY_INDEX 2
	LOAD_FAST_BY_INDEX 1
	LOAD_FAST_BY_INDEX 0
	FUSED_MATH 39, 40, 39
	LOAD_FAST_BY_INDEX 3
	LOAD_FAST_BY_INDEX 2
	LOAD_FAST_BY_INDEX 1
	LOAD_FAST_BY_INDEX 0
	FUSED_MATH 39, 41, 39
	LOAD_FAST_BY_INDEX 3
	LOAD_FAST_BY_INDEX 2
	LOAD_FAST_BY_INDEX 1
	LOAD_FAST_BY_INDEX 0
	FUSED_MATH 39, 39, 39
	LOAD_FAST_BY_INDEX 3
	LOAD_FAST_BY_INDEX 2
	LOAD_FAST_BY_INDEX 1
	FUSED_MATH 42, 42, 0
	LOAD_FAST_BY_INDEX 3
	LOAD_FAST_BY_INDEX 2
	LOAD_FAST_BY_INDEX 1
	FUSED_MATH 40, 42, 0
	LOAD_FAST_BY_INDEX 3
	LOAD_FAST_BY_INDEX 2
	LOAD_FAST_BY_INDEX 1
	FUSED_MATH 41, 42, 0
	LOAD_FAST_BY_INDEX 3
	LOAD_FAST_BY_INDEX 2
	LOAD_FAST_BY_INDEX 1
	FUSED_MATH 39, 42, 0
	LOAD_FAST_BY_INDEX 3
	LOAD_FAST_BY_INDEX 2
	LOAD_FAST_BY_INDEX 1
	FUSED_MATH 42, 41, 0
	LOAD_FAST_BY_INDEX 3
	LOAD_FAST_BY_INDEX 2
	LOAD_FAST_BY_INDEX 1
	FUSED_MATH 40, 41, 0
	LOAD_FAST_BY_INDEX 3
	LOAD_FAST_BY_INDEX 2
	LOAD_FAST_BY_INDEX 1
	FUSED_MATH 41, 41, 0
	LOAD_FAST_BY_INDEX 3
	LOAD_FAST_BY_INDEX 2
	LOAD_FAST_BY_INDEX 1
	FUSED_MATH 39, 41, 0
	LOAD_FAST_BY_INDEX 3
	LOAD_FAST_BY_INDEX 2
	LOAD_FAST_BY_INDEX 1
	FUSED_MATH 42, 40, 0
	LOAD_FAST_BY_INDEX 3
	LOAD_FAST_BY_INDEX 2
	LOAD_FAST_BY_INDEX 1
	FUSED_MATH 40, 40, 0
	LOAD_FAST_BY_INDEX 3
	LOAD_FAST_BY_INDEX 2
	LOAD_FAST_BY_INDEX 1
	FUSED_MATH 41, 40, 0
	LOAD_FAST_BY_INDEX 3
	LOAD_FAST_BY_INDEX 2
	LOAD_FAST_BY_INDEX 1
	FUSED_MATH 39, 40, 0
	LOAD_FAST_BY_INDEX 3
	LOAD_FAST_BY_INDEX 2
	LOAD_FAST_BY_INDEX 1
	FUSED_MATH 42, 39, 0
	LOAD_FAST_BY_INDEX 3
	LOAD_FAST_BY_INDEX 2
	LOAD_FAST_BY_INDEX 1
	FUSED_MATH 40, 39, 0
	LOAD_FAST_BY_INDEX 3
	LOAD_FAST_BY_INDEX 2
	LOAD_FAST_BY_INDEX 1
	FUSED_MATH 41, 39, 0
	LOAD_FAST_BY_INDEX 3
	LOAD_FAST_BY_INDEX 2
	LOAD_FAST_BY_INDEX 1
	FUSED_MATH 39, 39, 0
	LIST 80
	CALL_BUILTIN 9, 1
.L0:
	HALT 0