page_#anonymous
	LOAD_CONST_STORE 0, 0
	INCREMENT_BY_INDEX 0, 4
	SET_VAL 0
	INCREMENT_BY_INDEX 0, 6
	SET_VAL 0
	DECREMENT_BY_INDEX 0, 8
	SET_VAL 0
	LOAD_FAST_BY_INDEX 0
	LOAD_CONST 4
	ADD 0
	SET_VAL 0
	LOAD_FAST_BY_INDEX 0
	LOAD_CONST 5
	ADD 0
	SET_VAL 0
	CREATE_SCOPE 0
.L0:
	LOAD_FAST 0
	LT_CONST_JUMP_IF_FALSE L1, 6
	INCREMENT_STORE 0, 1
	INCREMENT_STORE 0, 1
	DECREMENT_STORE 0, 1
	RESET_SCOPE_JUMP L0
.L1:
	POP_SCOPE 0
	HALT 0
