page_0
	LOAD_CONST_STORE 0, 0
	LOAD_CONST_STORE 1, 2
	CREATE_SCOPE 0
.L0:
	LOAD_SYMBOL 2
	LT_CONST_JUMP_IF_FALSE L1, 2
	LOAD_SYMBOL 2
	CALL_SYMBOL 1, 1
	POP 0
	INCREMENT 2, 1
	SET_VAL 2
	RESET_SCOPE_JUMP L0
.L1:
	POP_SCOPE 0
	LOAD_SYMBOL 3
	LT_CONST_JUMP_IF_TRUE L2, 4
	JUMP L3
.L2:
	LOAD_SYMBOL 3
	CALL_BUILTIN 9, 1
	POP 0
.L3:
	LOAD_CONST_STORE 2, 3
	CREATE_SCOPE 0
.L4:
	LOAD_SYMBOL 2
	LT_SYM_JUMP_IF_FALSE L5, 3
	LOAD_SYMBOL 2
	CALL_SYMBOL 1, 1
	POP 0
	INCREMENT 2, 1
	SET_VAL 2
	RESET_SCOPE_JUMP L4
.L5:
	POP_SCOPE 0
	LOAD_SYMBOL_BY_INDEX 0
	GT_CONST_JUMP_IF_TRUE L6, 4
	JUMP L7
.L6:
	LOAD_SYMBOL_BY_INDEX 0
	CALL_BUILTIN 9, 1
	POP 0
.L7:
	CREATE_SCOPE 0
.L8:
	LOAD_SYMBOL 2
	GT_CONST_JUMP_IF_FALSE L9, 5
	LOAD_SYMBOL 2
	CALL_BUILTIN 9, 1
	POP 0
	RESET_SCOPE_JUMP L8
.L9:
	POP_SCOPE 0
	CREATE_SCOPE 0
.L10:
	LOAD_SYMBOL 3
	GT_SYM_JUMP_IF_FALSE L11, 2
	LOAD_SYMBOL 3
	CALL_BUILTIN 9, 1
	POP 0
	RESET_SCOPE_JUMP L10
.L11:
	POP_SCOPE 0
	LOAD_SYMBOL_BY_INDEX 1
	EQ_CONST_JUMP_IF_TRUE L12, 4
	JUMP L13
.L12:
	LOAD_CONST 6
	CALL_BUILTIN 9, 1
	POP 0
.L13:
	LOAD_SYMBOL_BY_INDEX 1
	EQ_SYM_INDEX_JUMP_IF_TRUE L14, 0
	JUMP L15
.L14:
	LOAD_CONST 7
	CALL_BUILTIN 9, 1
	POP 0
.L15:
	LOAD_SYMBOL_BY_INDEX 1
	NEQ_CONST_JUMP_IF_TRUE L16, 4
	JUMP L17
.L16:
	LOAD_CONST 8
	CALL_BUILTIN 9, 1
	POP 0
.L17:
	CREATE_SCOPE 0
.L18:
	LOAD_SYMBOL 2
	NEQ_SYM_JUMP_IF_FALSE L19, 3
	LOAD_SYMBOL 2
	CALL_BUILTIN 9, 1
	POP 0
	RESET_SCOPE_JUMP L18
.L19:
	POP_SCOPE 0
	HALT 0

page_1
	STORE 1
	LOAD_SYMBOL_BY_INDEX 0
	RET 0
	HALT 0
