page_0
	LOAD_CONST_STORE 0, 0
	LOAD_CONST_STORE 1, 2
	CREATE_SCOPE 0
.L0:
	LOAD_FAST 2
	LT_CONST_JUMP_IF_FALSE L1, 2
	PUSH_RETURN_ADDRESS L2
	LOAD_FAST 2
	CALL_SYMBOL 1, 1
.L2:
	POP 0
	INCREMENT_STORE 2, 1
	RESET_SCOPE_JUMP L0
.L1:
	POP_SCOPE 0
	LOAD_FAST 3
	LT_CONST_JUMP_IF_TRUE L3, 4
	JUMP L4
.L3:
	PUSH_RETURN_ADDRESS L5
	LOAD_FAST 3
	CALL_BUILTIN 9, 1
.L5:
	POP 0
.L4:
	LOAD_CONST_STORE 2, 3
	CREATE_SCOPE 0
.L6:
	LOAD_FAST 2
	LT_SYM_JUMP_IF_FALSE L7, 3
	PUSH_RETURN_ADDRESS L8
	LOAD_FAST 2
	CALL_SYMBOL 1, 1
.L8:
	POP 0
	INCREMENT_STORE 2, 1
	RESET_SCOPE_JUMP L6
.L7:
	POP_SCOPE 0
	LOAD_FAST_BY_INDEX 0
	GT_CONST_JUMP_IF_TRUE L9, 4
	JUMP L10
.L9:
	PUSH_RETURN_ADDRESS L11
	LOAD_FAST_BY_INDEX 0
	CALL_BUILTIN 9, 1
.L11:
	POP 0
.L10:
	CREATE_SCOPE 0
.L12:
	LOAD_FAST 2
	GT_CONST_JUMP_IF_FALSE L13, 5
	PUSH_RETURN_ADDRESS L14
	LOAD_FAST 2
	CALL_BUILTIN 9, 1
.L14:
	POP 0
	RESET_SCOPE_JUMP L12
.L13:
	POP_SCOPE 0
	CREATE_SCOPE 0
.L15:
	LOAD_FAST 3
	GT_SYM_JUMP_IF_FALSE L16, 2
	PUSH_RETURN_ADDRESS L17
	LOAD_FAST 3
	CALL_BUILTIN 9, 1
.L17:
	POP 0
	RESET_SCOPE_JUMP L15
.L16:
	POP_SCOPE 0
	LOAD_FAST_BY_INDEX 1
	EQ_CONST_JUMP_IF_TRUE L18, 4
	JUMP L19
.L18:
	PUSH_RETURN_ADDRESS L20
	LOAD_CONST 6
	CALL_BUILTIN 9, 1
.L20:
	POP 0
.L19:
	LOAD_FAST_BY_INDEX 1
	EQ_SYM_INDEX_JUMP_IF_TRUE L21, 0
	JUMP L22
.L21:
	PUSH_RETURN_ADDRESS L23
	LOAD_CONST 7
	CALL_BUILTIN 9, 1
.L23:
	POP 0
.L22:
	LOAD_FAST_BY_INDEX 1
	NEQ_CONST_JUMP_IF_TRUE L24, 4
	JUMP L25
.L24:
	PUSH_RETURN_ADDRESS L26
	LOAD_CONST 8
	CALL_BUILTIN 9, 1
.L26:
	POP 0
.L25:
	CREATE_SCOPE 0
.L27:
	LOAD_FAST 2
	NEQ_SYM_JUMP_IF_FALSE L28, 3
	PUSH_RETURN_ADDRESS L29
	LOAD_FAST 2
	CALL_BUILTIN 9, 1
.L29:
	POP 0
	RESET_SCOPE_JUMP L27
.L28:
	POP_SCOPE 0
	HALT 0

page_1
	STORE 1
	LOAD_FAST_BY_INDEX 0
	RET 0
	HALT 0
