page_0
	LOAD_CONST_STORE 0, 0
	LOAD_CONST_STORE 1, 2
	CREATE_SCOPE 0
.L0:
	LOAD_SYMBOL 2
	LT_CONST_JUMP_IF_FALSE L1, 2
	LOAD_SYMBOL 2
	CALL_SYMBOL 1, 1
	POP 0
	INCREMENT 2, 1
	SET_VAL 2
	RESET_SCOPE_JUMP L0
.L1:
	POP_SCOPE 0
	LOAD_CONST_STORE 2, 3
	CREATE_SCOPE 0
.L2:
	LOAD_SYMBOL 2
	LT_SYM_JUMP_IF_FALSE L3, 3
	LOAD_SYMBOL 2
	CALL_SYMBOL 1, 1
	POP 0
	INCREMENT 2, 1
	SET_VAL 2
	RESET_SCOPE_JUMP L2
.L3:
	POP_SCOPE 0
	LOAD_SYMBOL_BY_INDEX 1
	EQ_CONST_JUMP_IF_TRUE L4, 4
	JUMP L5
.L4:
	LOAD_CONST 5
	CALL_BUILTIN 9, 1
.L5:
	HALT 0

page_1
	STORE 1
	LOAD_SYMBOL_BY_INDEX 0
	RET 0
	HALT 0
