page_0
	LOAD_CONST_LOAD_CONST 0, 1
	LOAD_CONST_LOAD_CONST 2, 3
	LIST 4
	STORE 0
	LOAD_CONST_STORE 3, 1
	LOAD_CONST_STORE 4, 2
	LOAD_SYMBOL_BY_INDEX 0
	CALL 0
	POP 0
	STORE_HEAD_BY_INDEX 2, 6
	STORE_TAIL_BY_INDEX 3, 7
	STORE_FROM_INDEX 4, 8
	SET_VAL_HEAD_BY_INDEX 5, 8
	SET_VAL_TAIL_BY_INDEX 5, 8
	AT_SYM_INDEX_SYM_INDEX 5, 4
	HALT 0

page_1
	STORE_HEAD 0, 3
	STORE_TAIL 0, 4
	STORE_FROM 0, 5
	SET_VAL_HEAD 0, 5
	SET_VAL_TAIL 0, 5
	AT_SYM_SYM 0, 1
	RET 0
	HALT 0
