page_0
	LOAD_CONST_STORE 0, 0
	MUL_BY_INDEX 0, 2054
	SET_VAL 0
	MUL_BY_INDEX 0, 2054
	SET_VAL 0
	LOAD_CONST_STORE 2, 1
	PUSH_RETURN_ADDRESS L0
	CALL_SYMBOL_BY_INDEX 0, 0
.L0:
	POP 0
	HALT 0

page_1
	MUL_BY 0, 2055
	STORE 2
	MUL_BY 0, 2055
	STORE 2
	MUL_SET_VAL 0, 2056
	MUL_SET_VAL 0, 2056
	LOAD_FAST 0
	RET 0
	HALT 0
