page_0
	LOAD_CONST_STORE 0, 0
	CHECK_TYPE_OF_BY_INDEX 0, 1
	POP_JUMP_IF_TRUE L0
	JUMP L1
.L0:
	LOAD_CONST 2
	CALL_BUILTIN 9, 1
	POP 0
.L1:
	CHECK_TYPE_OF_BY_INDEX 0, 1
	POP_JUMP_IF_TRUE L2
	JUMP L3
.L2:
	LOAD_CONST 2
	CALL_BUILTIN 9, 1
	POP 0
.L3:
	LOAD_CONST_STORE 3, 1
	LOAD_SYMBOL_BY_INDEX 0
	CALL 0
	HALT 0

page_1
	CHECK_TYPE_OF 0, 1
	POP_JUMP_IF_TRUE L4
	JUMP L5
.L4:
	LOAD_CONST 2
	CALL_BUILTIN 9, 1
	POP 0
.L5:
	CHECK_TYPE_OF 0, 1
	POP_JUMP_IF_TRUE L6
	JUMP L7
.L6:
	LOAD_CONST 2
	CALL_BUILTIN 9, 1
.L7:
	RET 0
	HALT 0
