page_#anonymous
	LOAD_CONST_STORE 0, 0
	CHECK_TYPE_OF_BY_INDEX 0, 1
	POP_JUMP_IF_TRUE L0
	JUMP L1
.L0:
	PUSH_RETURN_ADDRESS L2
	LOAD_CONST 2
	CALL_BUILTIN 9, 1
.L2:
	POP 0
.L1:
	CHECK_TYPE_OF_BY_INDEX 0, 1
	POP_JUMP_IF_TRUE L3
	JUMP L4
.L3:
	PUSH_RETURN_ADDRESS L5
	LOAD_CONST 2
	CALL_BUILTIN 9, 1
.L5:
	POP 0
.L4:
	LOAD_CONST_STORE 3, 1
	PUSH_RETURN_ADDRESS L12
	CALL_SYMBOL_BY_INDEX 0, 0
.L12:
	POP 0
	HALT 0

page_1 (#anonymous)
	CHECK_TYPE_OF 0, 1
	POP_JUMP_IF_TRUE L6
	JUMP L7
.L6:
	PUSH_RETURN_ADDRESS L8
	LOAD_CONST 2
	CALL_BUILTIN 9, 1
.L8:
	POP 0
.L7:
	CHECK_TYPE_OF 0, 1
	POP_JUMP_IF_TRUE L9
	BUILTIN 2
	JUMP L10
.L9:
	PUSH_RETURN_ADDRESS L11
	LOAD_CONST 2
	CALL_BUILTIN 9, 1
.L11:
.L10:
	RET 0
	HALT 0
