In file tests/unittests/resources/DiagnosticsSuite/compileTime/argcount_unknown_arg.ark:13
      | ┌─ macro expansion started here
    1 | (macro suffix-dup (sym x) {
    2 |     ($if (> x 1)
    3 |         (suffix-dup sym (- x 1)))
  ... |
   10 |
   11 | (let test_func (fun (a b c) (* a b c)))
   12 | (let test_func1 (partial test_func 1))
   13 | (let test_func1_2 (partial test_func1!2))
      |                            ^~~~~~~~~~~~
   14 |
        When expanding `$argcount', expected a known function name, got unbound variable test_func1!2
