In file tests/unittests/resources/DiagnosticsSuite/compileTime/at_out_of_range.ark:1
    1 | (macro last (...args) (print args " => " ($at args -9)))
      | │                                        └─ error
      | │
      | └─ macro expansion started here
    2 | (last 1 5 6 7 8)
    3 |
        Index (-9) out of range (list size: 5)
