In file tests/unittests/resources/DiagnosticsSuite/compileTime/import_not_found.ark:1
    1 | (import error__this_file_will_never_exist)
      | ^~~~~~~~~~~~~~~~~~~~~~~~~~~~~~~~~~~~~~~~~
    2 |
    3 | (print 1)
        While processing file import_not_found.ark, couldn't import error__this_file_will_never_exist: file not found
