In file tests/unittests/resources/DiagnosticsSuite/compileTime/macro_at_list_string.ark:1
    1 | (macro a () ($at (fun () ()) "hello"))
      | │                            └─ error
      | │
      | └─ macro expansion started here
    2 | (print (a))
    3 |
        When expanding `$at', expected 'index' to be a Number, got a String: "hello"
