In file tests/unittests/resources/DiagnosticsSuite/compileTime/macro_symcat_type_error.ark:1
    1 | (macro a ($symcat 5 2))
      | │                 └─ error
      | │
      | └─ macro expansion started here
    2 | (print a)
    3 |
        When expanding `$symcat', expected the first argument to be a Symbol, got a Number: 5
