In file tests/unittests/resources/DiagnosticsSuite/compileTime/macro_symcat_arg_type_error.ark:1
    1 | (macro a ($symcat b []))
      | │                   └─ error
      | │
      | └─ macro expansion started here
    2 | (print a)
    3 |
        When expanding `$symcat', expected either a Number, String or Symbol, got a List: []
