At ($ partial (func ...defargs) (begin ($ bloc (suffix-dup a (len defargs))) (fun (bloc) (func ...defargs bloc)) ($ $undef bloc))) @ 17:18
   14 |         (* a b)
   15 |         (let inner (partial te t_func 0))
   16 |         (let est_func
   17 |                 ($ partial (func ...defargs) {
      | ^~~~~~~~~~~~~~~~~~~~~~~~~~~~~~~~~~~~~~~~~~~~~~
   18 |                     ($ bloc (suffix-dup a (len defargs)))
      | ^~~~~~~~~~~~~~~~~~~~~~~~~~~~~~~~~~~~~~~~~~~~~~~~~~~~~
   19 |                     (fun (bloc) (func ...defargs bloc))
        Max macro unification depth reached (256). You may have a macro trying to evaluate itself, try splitting your code in multiple nodes.
