( Keyword:Import ( String:a ) ( ) )
( Keyword:Import ( String:a String:b ) ( ) )
( Keyword:Import ( String:foo String:bar String:egg ) ( ) )
( Keyword:Import ( String:foo ) Symbol:* )
( Keyword:Import ( String:foo String:bar ) Symbol:* )
( Keyword:Import ( String:foo String:bar String:egg ) Symbol:* )
( Keyword:Import ( String:foo ) ( Symbol:a ) )
( Keyword:Import ( String:foo String:bar ) ( Symbol:a Symbol:b ) )

0) a (basic)
1) b (basic)
2) egg (basic)
3) foo (glob)
4) bar (glob)
5) egg (glob)
6) foo ( a )
7) bar ( a b )