global
	LOAD_CONST_STORE 0, 0
	PUSH_RETURN_ADDRESS L2
	LOAD_CONST 3
	PUSH_RETURN_ADDRESS L3
	LOAD_CONST 4
	CALL_SYMBOL_BY_INDEX 0, 1
.L3:
	CALL_BUILTIN 9, 2
.L2:
	POP 0
	HALT 0

page_1 (fact (1 argument) simple function, 20 instructions)
	STORE 1
	LOAD_CONST_STORE 1, 2
	LOAD_CONST_STORE 2, 3
	CREATE_SCOPE 0
.L0:
	LOAD_FAST 3
	LOAD_FAST 1
	LE 0
	POP_JUMP_IF_FALSE L1
	LOAD_FAST 2
	LOAD_FAST 3
	MUL 0
	SET_VAL 2
	INCREMENT_STORE 3, 1
	RESET_SCOPE_JUMP L0
.L1:
	POP_SCOPE 0
	LOAD_FAST_BY_INDEX 1
	RET 0
	HALT 0
