global
	LOAD_CONST_STORE 0, 0
	LOAD_CONST_STORE 1, 1
	LOAD_CONST_STORE 2, 2
	LOAD_CONST_STORE 3, 3
	PUSH_RETURN_ADDRESS L0
	LOAD_FAST_BY_INDEX 3
	LOAD_FAST_BY_INDEX 2
	LOAD_FAST_BY_INDEX 1
	LOAD_FAST_BY_INDEX 0
	FUSED_MATH 44, 44, 44
	LOAD_FAST_BY_INDEX 3
	LOAD_FAST_BY_INDEX 2
	LOAD_FAST_BY_INDEX 1
	LOAD_FAST_BY_INDEX 0
	FUSED_MATH 44, 42, 44
	LOAD_FAST_BY_INDEX 3
	LOAD_FAST_BY_INDEX 2
	LOAD_FAST_BY_INDEX 1
	LOAD_FAST_BY_INDEX 0
	FUSED_MATH 44, 43, 44
	LOAD_FAST_BY_INDEX 3
	LOAD_FAST_BY_INDEX 2
	LOAD_FAST_BY_INDEX 1
	LOAD_FAST_BY_INDEX 0
	FUSED_MATH 44, 41, 44
	LOAD_FAST_BY_INDEX 3
	LOAD_FAST_BY_INDEX 2
	LOAD_FAST_BY_INDEX 1
	LOAD_FAST_BY_INDEX 0
	FUSED_MATH 44, 44, 43
	LOAD_FAST_BY_INDEX 3
	LOAD_FAST_BY_INDEX 2
	LOAD_FAST_BY_INDEX 1
	LOAD_FAST_BY_INDEX 0
	FUSED_MATH 44, 42, 43
	LOAD_FAST_BY_INDEX 3
	LOAD_FAST_BY_INDEX 2
	LOAD_FAST_BY_INDEX 1
	LOAD_FAST_BY_INDEX 0
	FUSED_MATH 44, 43, 43
	LOAD_FAST_BY_INDEX 3
	LOAD_FAST_BY_INDEX 2
	LOAD_FAST_BY_INDEX 1
	LOAD_FAST_BY_INDEX 0
	FUSED_MATH 44, 41, 43
	LOAD_FAST_BY_INDEX 3
	LOAD_FAST_BY_INDEX 2
	LOAD_FAST_BY_INDEX 1
	LOAD_FAST_BY_INDEX 0
	FUSED_MATH 44, 44, 42
	LOAD_FAST_BY_INDEX 3
	LOAD_FAST_BY_INDEX 2
	LOAD_FAST_BY_INDEX 1
	LOAD_FAST_BY_INDEX 0
	FUSED_MATH 44, 42, 42
	LOAD_FAST_BY_INDEX 3
	LOAD_FAST_BY_INDEX 2
	LOAD_FAST_BY_INDEX 1
	LOAD_FAST_BY_INDEX 0
	FUSED_MATH 44, 43, 42
	LOAD_FAST_BY_INDEX 3
	LOAD_FAST_BY_INDEX 2
	LOAD_FAST_BY_INDEX 1
	LOAD_FAST_BY_INDEX 0
	FUSED_MATH 44, 41, 42
	LOAD_FAST_BY_INDEX 3
	LOAD_FAST_BY_INDEX 2
	LOAD_FAST_BY_INDEX 1
	LOAD_FAST_BY_INDEX 0
	FUSED_MATH 44, 44, 41
	LOAD_FAST_BY_INDEX 3
	LOAD_FAST_BY_INDEX 2
	LOAD_FAST_BY_INDEX 1
	LOAD_FAST_BY_INDEX 0
	FUSED_MATH 44, 42, 41
	LOAD_FAST_BY_INDEX 3
	LOAD_FAST_BY_INDEX 2
	LOAD_FAST_BY_INDEX 1
	LOAD_FAST_BY_INDEX 0
	FUSED_MATH 44, 43, 41
	LOAD_FAST_BY_INDEX 3
	LOAD_FAST_BY_INDEX 2
	LOAD_FAST_BY_INDEX 1
	LOAD_FAST_BY_INDEX 0
	FUSED_MATH 44, 41, 41
	LOAD_FAST_BY_INDEX 3
	LOAD_FAST_BY_INDEX 2
	LOAD_FAST_BY_INDEX 1
	LOAD_FAST_BY_INDEX 0
	FUSED_MATH 43, 44, 44
	LOAD_FAST_BY_INDEX 3
	LOAD_FAST_BY_INDEX 2
	LOAD_FAST_BY_INDEX 1
	LOAD_FAST_BY_INDEX 0
	FUSED_MATH 43, 42, 44
	LOAD_FAST_BY_INDEX 3
	LOAD_FAST_BY_INDEX 2
	LOAD_FAST_BY_INDEX 1
	LOAD_FAST_BY_INDEX 0
	FUSED_MATH 43, 43, 44
	LOAD_FAST_BY_INDEX 3
	LOAD_FAST_BY_INDEX 2
	LOAD_FAST_BY_INDEX 1
	LOAD_FAST_BY_INDEX 0
	FUSED_MATH 43, 41, 44
	LOAD_FAST_BY_INDEX 3
	LOAD_FAST_BY_INDEX 2
	LOAD_FAST_BY_INDEX 1
	LOAD_FAST_BY_INDEX 0
	FUSED_MATH 43, 44, 43
	LOAD_FAST_BY_INDEX 3
	LOAD_FAST_BY_INDEX 2
	LOAD_FAST_BY_INDEX 1
	LOAD_FAST_BY_INDEX 0
	FUSED_MATH 43, 42, 43
	LOAD_FAST_BY_INDEX 3
	LOAD_FAST_BY_INDEX 2
	LOAD_FAST_BY_INDEX 1
	LOAD_FAST_BY_INDEX 0
	FUSED_MATH 43, 43, 43
	LOAD_FAST_BY_INDEX 3
	LOAD_FAST_BY_INDEX 2
	LOAD_FAST_BY_INDEX 1
	LOAD_FAST_BY_INDEX 0
	FUSED_MATH 43, 41, 43
	LOAD_FAST_BY_INDEX 3
	LOAD_FAST_BY_INDEX 2
	LOAD_FAST_BY_INDEX 1
	LOAD_FAST_BY_INDEX 0
	FUSED_MATH 43, 44, 42
	LOAD_FAST_BY_INDEX 3
	LOAD_FAST_BY_INDEX 2
	LOAD_FAST_BY_INDEX 1
	LOAD_FAST_BY_INDEX 0
	FUSED_MATH 43, 42, 42
	LOAD_FAST_BY_INDEX 3
	LOAD_FAST_BY_INDEX 2
	LOAD_FAST_BY_INDEX 1
	LOAD_FAST_BY_INDEX 0
	FUSED_MATH 43, 43, 42
	LOAD_FAST_BY_INDEX 3
	LOAD_FAST_BY_INDEX 2
	LOAD_FAST_BY_INDEX 1
	LOAD_FAST_BY_INDEX 0
	FUSED_MATH 43, 41, 42
	LOAD_FAST_BY_INDEX 3
	LOAD_FAST_BY_INDEX 2
	LOAD_FAST_BY_INDEX 1
	LOAD_FAST_BY_INDEX 0
	FUSED_MATH 43, 44, 41
	LOAD_FAST_BY_INDEX 3
	LOAD_FAST_BY_INDEX 2
	LOAD_FAST_BY_INDEX 1
	LOAD_FAST_BY_INDEX 0
	FUSED_MATH 43, 42, 41
	LOAD_FAST_BY_INDEX 3
	LOAD_FAST_BY_INDEX 2
	LOAD_FAST_BY_INDEX 1
	LOAD_FAST_BY_INDEX 0
	FUSED_MATH 43, 43, 41
	LOAD_FAST_BY_INDEX 3
	LOAD_FAST_BY_INDEX 2
	LOAD_FAST_BY_INDEX 1
	LOAD_FAST_BY_INDEX 0
	FUSED_MATH 43, 41, 41
	LOAD_FAST_BY_INDEX 3
	LOAD_FAST_BY_INDEX 2
	LOAD_FAST_BY_INDEX 1
	LOAD_FAST_BY_INDEX 0
	FUSED_MATH 42, 44, 44
	LOAD_FAST_BY_INDEX 3
	LOAD_FAST_BY_INDEX 2
	LOAD_FAST_BY_INDEX 1
	LOAD_FAST_BY_INDEX 0
	FUSED_MATH 42, 42, 44
	LOAD_FAST_BY_INDEX 3
	LOAD_FAST_BY_INDEX 2
	LOAD_FAST_BY_INDEX 1
	LOAD_FAST_BY_INDEX 0
	FUSED_MATH 42, 43, 44
	LOAD_FAST_BY_INDEX 3
	LOAD_FAST_BY_INDEX 2
	LOAD_FAST_BY_INDEX 1
	LOAD_FAST_BY_INDEX 0
	FUSED_MATH 42, 41, 44
	LOAD_FAST_BY_INDEX 3
	LOAD_FAST_BY_INDEX 2
	LOAD_FAST_BY_INDEX 1
	LOAD_FAST_BY_INDEX 0
	FUSED_MATH 42, 44, 43
	LOAD_FAST_BY_INDEX 3
	LOAD_FAST_BY_INDEX 2
	LOAD_FAST_BY_INDEX 1
	LOAD_FAST_BY_INDEX 0
	FUSED_MATH 42, 42, 43
	LOAD_FAST_BY_INDEX 3
	LOAD_FAST_BY_INDEX 2
	LOAD_FAST_BY_INDEX 1
	LOAD_FAST_BY_INDEX 0
	FUSED_MATH 42, 43, 43
	LOAD_FAST_BY_INDEX 3
	LOAD_FAST_BY_INDEX 2
	LOAD_FAST_BY_INDEX 1
	LOAD_FAST_BY_INDEX 0
	FUSED_MATH 42, 41, 43
	LOAD_FAST_BY_INDEX 3
	LOAD_FAST_BY_INDEX 2
	LOAD_FAST_BY_INDEX 1
	LOAD_FAST_BY_INDEX 0
	FUSED_MATH 42, 44, 42
	LOAD_FAST_BY_INDEX 3
	LOAD_FAST_BY_INDEX 2
	LOAD_FAST_BY_INDEX 1
	LOAD_FAST_BY_INDEX 0
	FUSED_MATH 42, 42, 42
	LOAD_FAST_BY_INDEX 3
	LOAD_FAST_BY_INDEX 2
	LOAD_FAST_BY_INDEX 1
	LOAD_FAST_BY_INDEX 0
	FUSED_MATH 42, 43, 42
	LOAD_FAST_BY_INDEX 3
	LOAD_FAST_BY_INDEX 2
	LOAD_FAST_BY_INDEX 1
	LOAD_FAST_BY_INDEX 0
	FUSED_MATH 42, 41, 42
	LOAD_FAST_BY_INDEX 3
	LOAD_FAST_BY_INDEX 2
	LOAD_FAST_BY_INDEX 1
	LOAD_FAST_BY_INDEX 0
	FUSED_MATH 42, 44, 41
	LOAD_FAST_BY_INDEX 3
	LOAD_FAST_BY_INDEX 2
	LOAD_FAST_BY_INDEX 1
	LOAD_FAST_BY_INDEX 0
	FUSED_MATH 42, 42, 41
	LOAD_FAST_BY_INDEX 3
	LOAD_FAST_BY_INDEX 2
	LOAD_FAST_BY_INDEX 1
	LOAD_FAST_BY_INDEX 0
	FUSED_MATH 42, 43, 41
	LOAD_FAST_BY_INDEX 3
	LOAD_FAST_BY_INDEX 2
	LOAD_FAST_BY_INDEX 1
	LOAD_FAST_BY_INDEX 0
	FUSED_MATH 42, 41, 41
	LOAD_FAST_BY_INDEX 3
	LOAD_FAST_BY_INDEX 2
	LOAD_FAST_BY_INDEX 1
	LOAD_FAST_BY_INDEX 0
	FUSED_MATH 41, 44, 44
	LOAD_FAST_BY_INDEX 3
	LOAD_FAST_BY_INDEX 2
	LOAD_FAST_BY_INDEX 1
	LOAD_FAST_BY_INDEX 0
	FUSED_MATH 41, 42, 44
	LOAD_FAST_BY_INDEX 3
	LOAD_FAST_BY_INDEX 2
	LOAD_FAST_BY_INDEX 1
	LOAD_FAST_BY_INDEX 0
	FUSED_MATH 41, 43, 44
	LOAD_FAST_BY_INDEX 3
	LOAD_FAST_BY_INDEX 2
	LOAD_FAST_BY_INDEX 1
	LOAD_FAST_BY_INDEX 0
	FUSED_MATH 41, 41, 44
	LOAD_FAST_BY_INDEX 3
	LOAD_FAST_BY_INDEX 2
	LOAD_FAST_BY_INDEX 1
	LOAD_FAST_BY_INDEX 0
	FUSED_MATH 41, 44, 43
	LOAD_FAST_BY_INDEX 3
	LOAD_FAST_BY_INDEX 2
	LOAD_FAST_BY_INDEX 1
	LOAD_FAST_BY_INDEX 0
	FUSED_MATH 41, 42, 43
	LOAD_FAST_BY_INDEX 3
	LOAD_FAST_BY_INDEX 2
	LOAD_FAST_BY_INDEX 1
	LOAD_FAST_BY_INDEX 0
	FUSED_MATH 41, 43, 43
	LOAD_FAST_BY_INDEX 3
	LOAD_FAST_BY_INDEX 2
	LOAD_FAST_BY_INDEX 1
	LOAD_FAST_BY_INDEX 0
	FUSED_MATH 41, 41, 43
	LOAD_FAST_BY_INDEX 3
	LOAD_FAST_BY_INDEX 2
	LOAD_FAST_BY_INDEX 1
	LOAD_FAST_BY_INDEX 0
	FUSED_MATH 41, 44, 42
	LOAD_FAST_BY_INDEX 3
	LOAD_FAST_BY_INDEX 2
	LOAD_FAST_BY_INDEX 1
	LOAD_FAST_BY_INDEX 0
	FUSED_MATH 41, 42, 42
	LOAD_FAST_BY_INDEX 3
	LOAD_FAST_BY_INDEX 2
	LOAD_FAST_BY_INDEX 1
	LOAD_FAST_BY_INDEX 0
	FUSED_MATH 41, 43, 42
	LOAD_FAST_BY_INDEX 3
	LOAD_FAST_BY_INDEX 2
	LOAD_FAST_BY_INDEX 1
	LOAD_FAST_BY_INDEX 0
	FUSED_MATH 41, 41, 42
	LOAD_FAST_BY_INDEX 3
	LOAD_FAST_BY_INDEX 2
	LOAD_FAST_BY_INDEX 1
	LOAD_FAST_BY_INDEX 0
	FUSED_MATH 41, 44, 41
	LOAD_FAST_BY_INDEX 3
	LOAD_FAST_BY_INDEX 2
	LOAD_FAST_BY_INDEX 1
	LOAD_FAST_BY_INDEX 0
	FUSED_MATH 41, 42, 41
	LOAD_FAST_BY_INDEX 3
	LOAD_FAST_BY_INDEX 2
	LOAD_FAST_BY_INDEX 1
	LOAD_FAST_BY_INDEX 0
	FUSED_MATH 41, 43, 41
	LOAD_FAST_BY_INDEX 3
	LOAD_FAST_BY_INDEX 2
	LOAD_FAST_BY_INDEX 1
	LOAD_FAST_BY_INDEX 0
	FUSED_MATH 41, 41, 41
	LOAD_FAST_BY_INDEX 3
	LOAD_FAST_BY_INDEX 2
	LOAD_FAST_BY_INDEX 1
	FUSED_MATH 44, 44, 0
	LOAD_FAST_BY_INDEX 3
	LOAD_FAST_BY_INDEX 2
	LOAD_FAST_BY_INDEX 1
	FUSED_MATH 42, 44, 0
	LOAD_FAST_BY_INDEX 3
	LOAD_FAST_BY_INDEX 2
	LOAD_FAST_BY_INDEX 1
	FUSED_MATH 43, 44, 0
	LOAD_FAST_BY_INDEX 3
	LOAD_FAST_BY_INDEX 2
	LOAD_FAST_BY_INDEX 1
	FUSED_MATH 41, 44, 0
	LOAD_FAST_BY_INDEX 3
	LOAD_FAST_BY_INDEX 2
	LOAD_FAST_BY_INDEX 1
	FUSED_MATH 44, 43, 0
	LOAD_FAST_BY_INDEX 3
	LOAD_FAST_BY_INDEX 2
	LOAD_FAST_BY_INDEX 1
	FUSED_MATH 42, 43, 0
	LOAD_FAST_BY_INDEX 3
	LOAD_FAST_BY_INDEX 2
	LOAD_FAST_BY_INDEX 1
	FUSED_MATH 43, 43, 0
	LOAD_FAST_BY_INDEX 3
	LOAD_FAST_BY_INDEX 2
	LOAD_FAST_BY_INDEX 1
	FUSED_MATH 41, 43, 0
	LOAD_FAST_BY_INDEX 3
	LOAD_FAST_BY_INDEX 2
	LOAD_FAST_BY_INDEX 1
	FUSED_MATH 44, 42, 0
	LOAD_FAST_BY_INDEX 3
	LOAD_FAST_BY_INDEX 2
	LOAD_FAST_BY_INDEX 1
	FUSED_MATH 42, 42, 0
	LOAD_FAST_BY_INDEX 3
	LOAD_FAST_BY_INDEX 2
	LOAD_FAST_BY_INDEX 1
	FUSED_MATH 43, 42, 0
	LOAD_FAST_BY_INDEX 3
	LOAD_FAST_BY_INDEX 2
	LOAD_FAST_BY_INDEX 1
	FUSED_MATH 41, 42, 0
	LOAD_FAST_BY_INDEX 3
	LOAD_FAST_BY_INDEX 2
	LOAD_FAST_BY_INDEX 1
	FUSED_MATH 44, 41, 0
	LOAD_FAST_BY_INDEX 3
	LOAD_FAST_BY_INDEX 2
	LOAD_FAST_BY_INDEX 1
	FUSED_MATH 42, 41, 0
	LOAD_FAST_BY_INDEX 3
	LOAD_FAST_BY_INDEX 2
	LOAD_FAST_BY_INDEX 1
	FUSED_MATH 43, 41, 0
	LOAD_FAST_BY_INDEX 3
	LOAD_FAST_BY_INDEX 2
	LOAD_FAST_BY_INDEX 1
	FUSED_MATH 41, 41, 0
	LIST 80
	CALL_BUILTIN 9, 1
.L0:
	POP 0
	HALT 0
