global
	LOAD_FAST 1
	STORE 0
	LOAD_FAST_BY_INDEX 0
	LEN 0
	LOAD_CONST 0
	GE 0
	POP_JUMP_IF_TRUE L0
	BUILTIN 2
	JUMP L1
.L0:
	LOAD_FAST_BY_INDEX 0
	LOAD_CONST 1
	AT 0
	TO_NUM 0
.L1:
	STORE 2
	LOAD_FAST_BY_INDEX 0
	IS_NIL 0
	POP_JUMP_IF_TRUE L2
	LOAD_FAST_BY_INDEX 0
	JUMP L3
.L2:
	LOAD_CONST 2
.L3:
	STORE 3
	LOAD_FAST_BY_INDEX 0
	STORE 4
	CREATE_SCOPE 0
.L4:
	LOAD_FAST 4
	LOAD_CONST 0
	GT 0
	POP_JUMP_IF_FALSE L5
	PUSH_RETURN_ADDRESS L6
	PUSH_RETURN_ADDRESS L7
	LOAD_CONST 3
	LOAD_FAST 4
	LOAD_FAST 4
	CALL_BUILTIN 30, 3
.L7:
	CALL_BUILTIN 9, 1
.L6:
	POP 0
	LOAD_FAST 4
	LOAD_CONST 0
	SUB 0
	SET_VAL 4
	PUSH_RETURN_ADDRESS L8
	PUSH_RETURN_ADDRESS L9
	LOAD_CONST 4
	LOAD_FAST 4
	CALL_BUILTIN 30, 2
.L9:
	CALL_BUILTIN 9, 1
.L8:
	POP 0
	RESET_SCOPE_JUMP L4
.L5:
	POP_SCOPE 0
	HALT 0
