page_0
	LOAD_SYMBOL 1
	LEN 0
	LOAD_CONST 0
	GE 0
	GOTO_IF_TRUE L0
	BUILTIN 2
	GOTO L1
.L0:
	LOAD_SYMBOL 1
	LOAD_CONST 1
	AT 0
	TO_NUM 0
.L1:
	STORE 0
	LOAD_SYMBOL_BY_INDEX 0
	ISNIL 0
	GOTO_IF_TRUE L2
	LOAD_SYMBOL_BY_INDEX 0
	GOTO L3
.L2:
	LOAD_CONST 2
.L3:
	STORE 2
	LOAD_SYMBOL_BY_INDEX 0
	STORE 3
	CREATE_SCOPE 0
.L4:
	LOAD_SYMBOL 3
	LOAD_CONST 0
	GT 0
	GOTO_IF_FALSE L5
	LOAD_CONST 3
	LOAD_SYMBOL 3
	LOAD_SYMBOL 3
	BUILTIN 24
	CALL 3
	BUILTIN 9
	CALL 1
	POP 0
	LOAD_SYMBOL 3
	LOAD_CONST 0
	SUB 0
	SET_VAL 3
	LOAD_CONST 4
	LOAD_SYMBOL 3
	BUILTIN 24
	CALL 2
	BUILTIN 9
	CALL 1
	POP 0
	GOTO L4
.L5:
	POP_SCOPE 0
	HALT 0
