page_0
	LOAD_CONST 0
	STORE 0
	PUSH_RETURN_ADDRESS L5
	PUSH_RETURN_ADDRESS L6
	LOAD_CONST 3
	LOAD_CONST 4
	LOAD_FAST_BY_INDEX 0
	CALL 2
.L6:
	LOAD_CONST 5
	BUILTIN 9
	CALL 2
.L5:
	HALT 0

page_1
	STORE 1
	STORE 2
	LOAD_FAST_BY_INDEX 1
	LOAD_CONST 1
	GT 0
	POP_JUMP_IF_TRUE L0
	LOAD_CONST 2
	LOAD_FAST_BY_INDEX 0
	ADD 0
	JUMP L1
.L0:
	LOAD_CONST 1
	LOAD_FAST_BY_INDEX 0
	EQ 0
	POP_JUMP_IF_TRUE L2
	PUSH_RETURN_ADDRESS L3
	LOAD_FAST_BY_INDEX 0
	LOAD_CONST 2
	SUB 0
	LOAD_FAST_BY_INDEX 1
	GET_CURRENT_PAGE_ADDR 0
	CALL 2
.L3:
	LOAD_FAST_BY_INDEX 1
	LOAD_CONST 2
	SUB 0
	TAIL_CALL_SELF 0
	JUMP L4
.L2:
	LOAD_CONST 2
	LOAD_FAST_BY_INDEX 1
	LOAD_CONST 2
	SUB 0
	TAIL_CALL_SELF 0
.L4:
.L1:
	RET 0
	HALT 0
