global
	LOAD_CONST 0
	STORE 0
	LOAD_CONST 1
	LOAD_CONST 2
	LOAD_CONST 3
	LIST 3
	STORE 3
	PUSH_RETURN_ADDRESS L0
	PUSH_RETURN_ADDRESS L1
	LOAD_CONST 3
	LOAD_FAST_BY_INDEX 0
	CALL_SYMBOL_BY_INDEX 1, 2
.L1:
	CALL_BUILTIN 9, 1
.L0:
	POP 0
	HALT 0

page_1 (foo (2 arguments) simple mutating function)
	STORE_REF 1
	STORE 2
	LOAD_FAST_BY_INDEX 1
	LEN 0
	SET_VAL 2
	LOAD_FAST_BY_INDEX 0
	RET 0
	HALT 0
