global
	BUILTIN 1
	BREAKPOINT 1
	LOAD_CONST 0
	STORE 0
	PUSH_RETURN_ADDRESS L3
	LOAD_CONST 4
	LOAD_CONST 5
	LOAD_CONST 6
	CALL_SYMBOL_BY_INDEX 0, 3
.L3:
	POP 0
	BUILTIN 1
	BREAKPOINT 1
	LOAD_CONST 5
	LOAD_CONST 4
	GT 0
	POP_JUMP_IF_TRUE L4
	JUMP L5
.L4:
	PUSH_RETURN_ADDRESS L6
	LOAD_CONST 7
	CALL_BUILTIN 9, 1
.L6:
	POP 0
	PUSH_RETURN_ADDRESS L7
	LOAD_CONST 4
	BUILTIN 0
	BREAKPOINT 1
	LOAD_CONST 5
	LOAD_CONST 6
	CALL_SYMBOL_BY_INDEX 0, 3
.L7:
	POP 0
	PUSH_RETURN_ADDRESS L8
	LOAD_CONST 8
	CALL_BUILTIN 9, 1
.L8:
	POP 0
.L5:
	LOAD_CONST 9
	STORE 5
	PUSH_RETURN_ADDRESS L9
	BUILTIN 1
	BREAKPOINT 1
	CALL_SYMBOL_BY_INDEX 0, 0
.L9:
	POP 0
	LOAD_CONST 10
	STORE 6
	PUSH_RETURN_ADDRESS L12
	LOAD_CONST 1
	CALL_SYMBOL_BY_INDEX 0, 1
.L12:
	POP 0
	HALT 0

page_1 (foo (3 arguments) simple function, 42 instructions)
	STORE 1
	STORE 2
	STORE 3
	LOAD_FAST_BY_INDEX 0
	LOAD_CONST 1
	GT 0
	BREAKPOINT 1
	PUSH_RETURN_ADDRESS L0
	PUSH_RETURN_ADDRESS L1
	LOAD_CONST 2
	LOAD_FAST_BY_INDEX 0
	LOAD_FAST_BY_INDEX 1
	LOAD_FAST_BY_INDEX 2
	CALL_BUILTIN 30, 4
.L1:
	CALL_BUILTIN 9, 1
.L0:
	POP 0
	LOAD_FAST_BY_INDEX 0
	LOAD_FAST_BY_INDEX 1
	MUL 0
	LOAD_FAST_BY_INDEX 2
	LOAD_CONST 3
	LT 0
	BREAKPOINT 1
	LOAD_FAST_BY_INDEX 2
	MUL 0
	LOAD_CONST 1
	MUL 0
	STORE 4
	PUSH_RETURN_ADDRESS L2
	BUILTIN 1
	BREAKPOINT 1
	LOAD_FAST_BY_INDEX 0
	BUILTIN 0
	BREAKPOINT 1
	CALL_BUILTIN 9, 1
.L2:
	POP 0
	LOAD_FAST_BY_INDEX 0
	RET 0
	HALT 0

page_2 (bar (0 arguments) simple function, 3 instructions)
	BUILTIN 2
	RET 0
	HALT 0

page_3 (abs (1 argument) simple function, 15 instructions)
	STORE 7
	LOAD_FAST_BY_INDEX 0
	LOAD_CONST 3
	LT 0
	POP_JUMP_IF_TRUE L10
	LOAD_FAST_BY_INDEX 0
	JUMP L11
.L10:
	LOAD_CONST 11
	LOAD_FAST_BY_INDEX 0
	MUL 0
.L11:
	BREAKPOINT 0
	RET 0
	HALT 0
