page_0
	LOAD_CONST 0
	STORE 0
	PUSH_RETURN_ADDRESS L0
	LOAD_FAST_BY_INDEX 0
	LOAD_CONST 3
	LOAD_CONST 4
	LOAD_CONST 5
	CALL 3
.L0:
	STORE 6
	PUSH_RETURN_ADDRESS L1
	LOAD_FAST_BY_INDEX 1
	LOAD_CONST 6
	LOAD_CONST 7
	LOAD_CONST 8
	CALL 3
.L1:
	STORE 7
	PUSH_RETURN_ADDRESS L2
	LOAD_CONST 9
	LOAD_FAST_BY_INDEX 1
	GET_FIELD 2
	CALL_BUILTIN 9, 2
.L2:
	POP 0
	PUSH_RETURN_ADDRESS L3
	LOAD_CONST 10
	CALL_BUILTIN 9, 1
.L3:
	POP 0
	PUSH_RETURN_ADDRESS L4
	LOAD_FAST_BY_INDEX 1
	GET_FIELD_AS_CLOSURE 4
	LOAD_CONST 11
	CALL 1
.L4:
	POP 0
	PUSH_RETURN_ADDRESS L5
	LOAD_CONST 12
	LOAD_FAST_BY_INDEX 1
	GET_FIELD 2
	CALL_BUILTIN 9, 2
.L5:
	POP 0
	PUSH_RETURN_ADDRESS L6
	LOAD_CONST 13
	LOAD_FAST_BY_INDEX 0
	GET_FIELD 2
	CALL_BUILTIN 9, 2
.L6:
	POP 0
	LOAD_CONST 14
	STORE 8
	PUSH_RETURN_ADDRESS L7
	LOAD_FAST_BY_INDEX 0
	LOAD_CONST 17
	CALL 1
.L7:
	STORE 10
	PUSH_RETURN_ADDRESS L8
	LOAD_CONST 18
	PUSH_RETURN_ADDRESS L9
	LOAD_FAST_BY_INDEX 0
	CALL 0
.L9:
	CALL_BUILTIN 9, 2
.L8:
	POP 0
	PUSH_RETURN_ADDRESS L10
	LOAD_CONST 18
	PUSH_RETURN_ADDRESS L11
	LOAD_FAST_BY_INDEX 0
	CALL 0
.L11:
	CALL_BUILTIN 9, 2
.L10:
	POP 0
	PUSH_RETURN_ADDRESS L12
	LOAD_CONST 18
	PUSH_RETURN_ADDRESS L13
	LOAD_FAST_BY_INDEX 0
	CALL 0
.L13:
	CALL_BUILTIN 9, 2
.L12:
	POP 0
	HALT 0

page_1
	STORE 1
	STORE 2
	STORE 3
	LOAD_CONST 1
	STORE 4
	CAPTURE 4
	CAPTURE 3
	CAPTURE 2
	CAPTURE 1
	MAKE_CLOSURE 2
	RET 0
	HALT 0

page_2
	STORE 5
	LOAD_FAST_BY_INDEX 0
	SET_VAL 2
	LOAD_FAST 2
	RET 0
	HALT 0

page_3
	BUILTIN 2
	RET 0
	HALT 0

page_4
	STORE 9
	CAPTURE 9
	MAKE_CLOSURE 15
	RET 0
	HALT 0

page_5
	LOAD_FAST 9
	LOAD_CONST 16
	SUB 0
	SET_VAL 9
	LOAD_FAST 9
	RET 0
	HALT 0
