page_0
	LOAD_CONST 0
	STORE 0
	LOAD_CONST 3
	LOAD_CONST 4
	LOAD_CONST 5
	LOAD_SYMBOL 0
	CALL 3
	STORE 6
	LOAD_CONST 6
	LOAD_CONST 7
	LOAD_CONST 8
	LOAD_SYMBOL 0
	CALL 3
	STORE 7
	LOAD_CONST 9
	LOAD_SYMBOL 6
	GET_FIELD 2
	BUILTIN 9
	CALL 2
	POP 0
	LOAD_CONST 10
	BUILTIN 9
	CALL 1
	POP 0
	LOAD_CONST 11
	LOAD_SYMBOL 6
	GET_FIELD 4
	CALL 1
	POP 0
	LOAD_CONST 12
	LOAD_SYMBOL 6
	GET_FIELD 2
	BUILTIN 9
	CALL 2
	POP 0
	LOAD_CONST 13
	LOAD_SYMBOL 7
	GET_FIELD 2
	BUILTIN 9
	CALL 2
	POP 0
	LOAD_CONST 14
	STORE 8
	LOAD_CONST 17
	LOAD_SYMBOL 8
	CALL 1
	STORE 10
	LOAD_CONST 18
	LOAD_SYMBOL 10
	CALL 0
	BUILTIN 9
	CALL 2
	POP 0
	LOAD_CONST 18
	LOAD_SYMBOL 10
	CALL 0
	BUILTIN 9
	CALL 2
	POP 0
	LOAD_CONST 18
	LOAD_SYMBOL 10
	CALL 0
	BUILTIN 9
	CALL 2
	HALT 0

page_1
	STORE 1
	STORE 2
	STORE 3
	LOAD_CONST 1
	STORE 4
	CAPTURE 4
	CAPTURE 1
	CAPTURE 2
	CAPTURE 3
	MAKE_CLOSURE 2
	RET 0
	HALT 0

page_2
	STORE 5
	LOAD_SYMBOL 5
	SET_VAL 2
	RET 0
	HALT 0

page_3
	BUILTIN 2
	RET 0
	HALT 0

page_4
	STORE 9
	CAPTURE 9
	MAKE_CLOSURE 15
	RET 0
	HALT 0

page_5
	LOAD_SYMBOL 9
	LOAD_CONST 16
	SUB 0
	SET_VAL 9
	LOAD_SYMBOL 9
	RET 0
	HALT 0
