page_0
	LOAD_CONST 0
	STORE 0
	LOAD_CONST 3
	LOAD_CONST 4
	LOAD_SYMBOL_BY_INDEX 0
	CALL 1
	BUILTIN 9
	CALL 2
	HALT 0

page_1
	STORE 1
	LOAD_CONST 1
	STORE 2
	LOAD_CONST 2
	STORE 3
	CREATE_SCOPE 0
.L0:
	LOAD_SYMBOL 3
	LOAD_SYMBOL 1
	LE 0
	GOTO_IF_FALSE L1
	LOAD_SYMBOL 2
	LOAD_SYMBOL 3
	MUL 0
	SET_VAL 2
	LOAD_CONST 1
	LOAD_SYMBOL 3
	ADD 0
	SET_VAL 3
	GOTO L0
.L1:
	POP_SCOPE 0
	LOAD_SYMBOL_BY_INDEX 1
	RET 0
	HALT 0
