page_0
	PUSH_RETURN_ADDRESS L0
	LOAD_CONST 0
	TYPE 0
	LOAD_CONST 1
	LIST 1
	LOAD_CONST 2
	LIST 1
	LOAD_CONST 3
	LIST 1
	LIST 3
	LOAD_CONST 4
	LOAD_CONST 4
	AT_AT 0
	LOAD_CONST 2
	LOAD_CONST 3
	LIST 2
	LOAD_CONST 3
	AT 0
	LIST 0
	HEAD 0
	LIST 0
	TAIL 0
	LIST 0
	IS_NIL 0
	LIST 0
	IS_EMPTY 0
	LIST 0
	LEN 0
	LOAD_CONST 0
	NOT 0
	LOAD_CONST 3
	LOAD_CONST 2
	NEQ 0
	LOAD_CONST 3
	LOAD_CONST 2
	EQ 0
	LOAD_CONST 3
	LOAD_CONST 2
	GE 0
	LOAD_CONST 3
	LOAD_CONST 2
	GT 0
	LOAD_CONST 3
	LOAD_CONST 2
	LE 0
	LOAD_CONST 3
	LOAD_CONST 2
	LT 0
	LOAD_CONST 0
	TO_STR 0
	LOAD_CONST 5
	TO_NUM 0
	LOAD_CONST 3
	LOAD_CONST 2
	MOD 0
	LOAD_CONST 3
	LOAD_CONST 2
	DIV 0
	LOAD_CONST 3
	LOAD_CONST 2
	MUL 0
	LOAD_CONST 3
	LOAD_CONST 2
	SUB 0
	LOAD_CONST 3
	LOAD_CONST 2
	ADD 0
	BUILTIN 9
	CALL 22
.L0:
	HALT 0