page_0
	PUSH_RETURN_ADDRESS L0
	LOAD_CONST 0
	LOAD_CONST 1
	ADD 0
	LOAD_CONST 0
	LOAD_CONST 1
	SUB 0
	LOAD_CONST 0
	LOAD_CONST 1
	MUL 0
	LOAD_CONST 0
	LOAD_CONST 1
	DIV 0
	LOAD_CONST 0
	LOAD_CONST 1
	MOD 0
	LOAD_CONST 2
	TO_NUM 0
	LOAD_CONST 3
	TO_STR 0
	LOAD_CONST 0
	LOAD_CONST 1
	LT 0
	LOAD_CONST 0
	LOAD_CONST 1
	LE 0
	LOAD_CONST 0
	LOAD_CONST 1
	GT 0
	LOAD_CONST 0
	LOAD_CONST 1
	GE 0
	LOAD_CONST 0
	LOAD_CONST 1
	EQ 0
	LOAD_CONST 0
	LOAD_CONST 1
	NEQ 0
	LOAD_CONST 3
	NOT 0
	LIST 0
	LEN 0
	LIST 0
	IS_EMPTY 0
	LIST 0
	IS_NIL 0
	LIST 0
	TAIL 0
	LIST 0
	HEAD 0
	LOAD_CONST 1
	LOAD_CONST 0
	LIST 2
	LOAD_CONST 0
	AT 0
	LOAD_CONST 4
	LIST 1
	LOAD_CONST 1
	LIST 1
	LOAD_CONST 0
	LIST 1
	LIST 3
	LOAD_CONST 5
	LOAD_CONST 5
	AT_AT 0
	LOAD_CONST 3
	TYPE 0
	CALL_BUILTIN 9, 22
.L0:
	POP 0
	HALT 0
