page_#anonymous
	PUSH_RETURN_ADDRESS L0
	BUILTIN 90
	BUILTIN 91
	BUILTIN 92
	BUILTIN 93
	BUILTIN 94
	BUILTIN 95
	BUILTIN 96
	BUILTIN 97
	BUILTIN 98
	BUILTIN 99
	BUILTIN 100
	BUILTIN 101
	BUILTIN 102
	BUILTIN 103
	BUILTIN 104
	BUILTIN 105
	BUILTIN 106
	BUILTIN 107
	BUILTIN 108
	BUILTIN 109
	BUILTIN 110
	BUILTIN 111
	BUILTIN 112
	BUILTIN 113
	BUILTIN 114
	CALL_BUILTIN 9, 25
.L0:
	POP 0
	HALT 0
