page_0
	PUSH_RETURN_ADDRESS L0
	BUILTIN 90
	BUILTIN 89
	BUILTIN 88
	BUILTIN 87
	BUILTIN 86
	BUILTIN 85
	BUILTIN 84
	BUILTIN 83
	BUILTIN 82
	BUILTIN 81
	BUILTIN 80
	BUILTIN 79
	BUILTIN 78
	BUILTIN 77
	BUILTIN 76
	BUILTIN 75
	BUILTIN 74
	BUILTIN 73
	BUILTIN 72
	BUILTIN 71
	BUILTIN 70
	BUILTIN 69
	BUILTIN 9
	CALL 22
.L0:
	HALT 0
