global
	LOAD_CONST 0
	STORE 0
	PUSH_RETURN_ADDRESS L3
	LOAD_CONST 2
	BUILTIN 2
	CALL_SYMBOL_BY_INDEX 0, 2
.L3:
	POP 0
	HALT 0

page_1 (f (2 arguments) recursive simple function, 17 instructions)
	STORE 1
	STORE 2
	LOAD_FAST_BY_INDEX 1
	IS_NIL 0
	POP_JUMP_IF_TRUE L0
	PUSH_RETURN_ADDRESS L1
	LOAD_FAST_BY_INDEX 1
	CALL_BUILTIN 9, 1
.L1:
	JUMP L2
.L0:
	LOAD_CONST 1
	LOAD_SYMBOL 2
	TAIL_CALL_SELF 0
.L2:
	RET 0
	HALT 0
