At (while (begin (set acc (+ acc (@ src b))) (set b (+ 1 b)))) @ 1:1
    1 | (while ($ a b) {
      | ^~~~~~~~~~~~~~~~
    2 |     (set acc (+ acc (@ src a)))
      | ^~~~~~~~~~~~~~~~~~~~~~~~~~~~
    3 |     (set a (+ 1 a))})
        Invalid node ; if it was computed by a macro, check that a node is returned
