ArityError: When calling `(Function@1)', received 4 arguments, but expected 3: `(Function@1 a b c)'

In file tests/unittests/resources/DiagnosticsSuite/runtime/arity_error_async.ark
    1 | (let sum (fun (a b c)
    2 |     (+ a b c)))
    3 |
    4 | (await (async sum 1 2 3 4))
      | ^~~~~~~~~~~~~~~~~~~~~~~~~~
    5 |
