Function async expected between 1 argument and 2 arguments and got 1
  -> function (Function, CProc, Closure) was of type Number
  -> variadic args (any) was not provided
Alternative 2:
  -> function (Function, CProc, Closure) was of type Number

In file tests/unittests/resources/DiagnosticsSuite/runtime/async_number.ark:1
    1 | (async 1)
      | ^~~~~~~~
    2 |
