Function math:countLeftOnes expected 2 arguments
Call
  ↳ (math:countLeftOnes "1" 2)
Signature
  ↳ (math:countLeftOnes num bitCount)
Arguments
  → `num' (expected Number), got "1" (String)
  → `bitCount' (expected Number) ✓

In file tests/unittests/resources/DiagnosticsSuite/runtime/builtin_math_countleftones_str_num.ark:1
    1 | (builtin__math:countLeftOnes "1" 2)
      | ^~~~~~~~~~~~~~~~~~~~~~~~~~~~~~~~~~
    2 |
