VMError: Maximum recursion depth exceeded. You could consider rewriting your function `foo' to make use of tail-call optimization.

In file tests/unittests/resources/DiagnosticsSuite/runtime/recursion_depth.ark:3
    1 | (let foo (fun (a) {
    2 |     # hack to avoid getting TCO-ed
    3 |     (let tmp (foo (+ a 1)))
      |     ^~~~~~~~~~~~~~~~~~~~~~
    4 |     tmp
    5 | }))

[2047] In function `foo' (tests/unittests/resources/DiagnosticsSuite/runtime/recursion_depth.ark:3)
       ...
[   0] In global scope (tests/unittests/resources/DiagnosticsSuite/runtime/recursion_depth.ark:7)

Current scope variables values:
a = 2045
