(let slice (fun ((mut _string) (ref _startingIndex) (mut _length))
  (if (= _length 0)
    ""
    {
      (assert
        (and (>= _startingIndex 0) (< _startingIndex (len _string)))
        "slice start index must be in range [0, string length[")

      (mut _returnedString "")
      (mut _index _startingIndex)

      (let _end
        (if (>= _length (len _string))
          (len _string)
          (+ _index _length)))

      (while (< _index _end) {
        (set _returnedString (+ _returnedString (@ _string _index)))
        (set _index (+ _index 1)) })
      _returnedString })))
